The system is: Linux - 5.15.0-139-generic - x86_64
Compiling the C compiler identification source file "CMakeCCompilerId.c" succeeded.
Compiler: /home/crk/linux/SDK/rk3568_linux_sdk/buildroot/output/rockchip_rk3568/host/bin/aarch64-buildroot-linux-gnu-gcc 
Build flags: 
Id flags:  

The output was:
0


Compilation of the C compiler identification source "CMakeCCompilerId.c" produced "a.out"

The C compiler identification is GNU, found in "/home/crk/linux/IMX335/camera_RTSP/build/CMakeFiles/3.16.3/CompilerIdC/a.out"

Compiling the CXX compiler identification source file "CMakeCXXCompilerId.cpp" succeeded.
Compiler: /home/crk/linux/SDK/rk3568_linux_sdk/buildroot/output/rockchip_rk3568/host/bin/aarch64-buildroot-linux-gnu-g++ 
Build flags: 
Id flags:  

The output was:
0


Compilation of the CXX compiler identification source "CMakeCXXCompilerId.cpp" produced "a.out"

The CXX compiler identification is GNU, found in "/home/crk/linux/IMX335/camera_RTSP/build/CMakeFiles/3.16.3/CompilerIdCXX/a.out"

Determining if the C compiler works passed with the following output:
Change Dir: /home/crk/linux/IMX335/camera_RTSP/build/CMakeFiles/CMakeTmp

Run Build Command(s):/usr/bin/make cmTC_c6e10/fast && /usr/bin/make -f CMakeFiles/cmTC_c6e10.dir/build.make CMakeFiles/cmTC_c6e10.dir/build
make[1]: 进入目录“/home/crk/linux/IMX335/camera_RTSP/build/CMakeFiles/CMakeTmp”
Building C object CMakeFiles/cmTC_c6e10.dir/testCCompiler.c.o
/home/crk/linux/SDK/rk3568_linux_sdk/buildroot/output/rockchip_rk3568/host/bin/aarch64-buildroot-linux-gnu-gcc    -o CMakeFiles/cmTC_c6e10.dir/testCCompiler.c.o   -c /home/crk/linux/IMX335/camera_RTSP/build/CMakeFiles/CMakeTmp/testCCompiler.c
Linking C executable cmTC_c6e10
/usr/bin/cmake -E cmake_link_script CMakeFiles/cmTC_c6e10.dir/link.txt --verbose=1
/home/crk/linux/SDK/rk3568_linux_sdk/buildroot/output/rockchip_rk3568/host/bin/aarch64-buildroot-linux-gnu-gcc      CMakeFiles/cmTC_c6e10.dir/testCCompiler.c.o  -o cmTC_c6e10 
make[1]: 离开目录“/home/crk/linux/IMX335/camera_RTSP/build/CMakeFiles/CMakeTmp”



Detecting C compiler ABI info compiled with the following output:
Change Dir: /home/crk/linux/IMX335/camera_RTSP/build/CMakeFiles/CMakeTmp

Run Build Command(s):/usr/bin/make cmTC_9afa3/fast && /usr/bin/make -f CMakeFiles/cmTC_9afa3.dir/build.make CMakeFiles/cmTC_9afa3.dir/build
make[1]: Entering directory '/home/crk/linux/IMX335/camera_RTSP/build/CMakeFiles/CMakeTmp'
Building C object CMakeFiles/cmTC_9afa3.dir/CMakeCCompilerABI.c.o
/home/crk/linux/SDK/rk3568_linux_sdk/buildroot/output/rockchip_rk3568/host/bin/aarch64-buildroot-linux-gnu-gcc   -v -o CMakeFiles/cmTC_9afa3.dir/CMakeCCompilerABI.c.o   -c /usr/share/cmake-3.16/Modules/CMakeCCompilerABI.c
Using built-in specs.
COLLECT_GCC=/home/crk/linux/SDK/rk3568_linux_sdk/buildroot/output/rockchip_rk3568/host/bin/aarch64-buildroot-linux-gnu-gcc.br_real
Target: aarch64-buildroot-linux-gnu
Configured with: ./configure --prefix=/home/crk/linux/SDK/rk3568_linux_sdk/buildroot/output/rockchip_rk3568/host --sysconfdir=/home/crk/linux/SDK/rk3568_linux_sdk/buildroot/output/rockchip_rk3568/host/etc --enable-static --target=aarch64-buildroot-linux-gnu --with-sysroot=/home/crk/linux/SDK/rk3568_linux_sdk/buildroot/output/rockchip_rk3568/host/aarch64-buildroot-linux-gnu/sysroot --enable-__cxa_atexit --with-gnu-ld --disable-libssp --disable-multilib --disable-decimal-float --with-gmp=/home/crk/linux/SDK/rk3568_linux_sdk/buildroot/output/rockchip_rk3568/host --with-mpc=/home/crk/linux/SDK/rk3568_linux_sdk/buildroot/output/rockchip_rk3568/host --with-mpfr=/home/crk/linux/SDK/rk3568_linux_sdk/buildroot/output/rockchip_rk3568/host --with-pkgversion='Buildroot 2018.02-rc3-gf4a9f6bd' --with-bugurl=http://bugs.buildroot.net/ --without-zstd --disable-libquadmath --disable-libquadmath-support --enable-tls --enable-threads --without-isl --without-cloog --with-abi=lp64 --with-cpu=cortex-a55 --enable-languages=c,c++ --with-build-time-tools=/home/crk/linux/SDK/rk3568_linux_sdk/buildroot/output/rockchip_rk3568/host/aarch64-buildroot-linux-gnu/bin --enable-shared --disable-libgomp
Thread model: posix
Supported LTO compression algorithms: zlib
gcc version 10.3.0 (Buildroot 2018.02-rc3-gf4a9f6bd) 
COLLECT_GCC_OPTIONS='-v' '-o' 'CMakeFiles/cmTC_9afa3.dir/CMakeCCompilerABI.c.o' '-c' '-mcpu=cortex-a55' '-mlittle-endian' '-mabi=lp64'
 /home/crk/linux/SDK/rk3568_linux_sdk/buildroot/output/rockchip_rk3568/host/libexec/gcc/aarch64-buildroot-linux-gnu/10.3.0/cc1 -quiet -v -isysroot /home/crk/linux/SDK/rk3568_linux_sdk/buildroot/output/rockchip_rk3568/host/aarch64-buildroot-linux-gnu/sysroot /usr/share/cmake-3.16/Modules/CMakeCCompilerABI.c -quiet -dumpbase CMakeCCompilerABI.c -mcpu=cortex-a55 -mlittle-endian -mabi=lp64 -auxbase-strip CMakeFiles/cmTC_9afa3.dir/CMakeCCompilerABI.c.o -version -o /tmp/ccVV5h3E.s
GNU C17 (Buildroot 2018.02-rc3-gf4a9f6bd) version 10.3.0 (aarch64-buildroot-linux-gnu)
	compiled by GNU C version 9.4.0, GMP version 6.1.2, MPFR version 3.1.6, MPC version 1.0.3, isl version none
GGC heuristics: --param ggc-min-expand=100 --param ggc-min-heapsize=131072
ignoring nonexistent directory "/home/crk/linux/SDK/rk3568_linux_sdk/buildroot/output/rockchip_rk3568/host/aarch64-buildroot-linux-gnu/sysroot/usr/local/include"
#include "..." search starts here:
#include <...> search starts here:
 /home/crk/linux/SDK/rk3568_linux_sdk/buildroot/output/rockchip_rk3568/host/lib/gcc/aarch64-buildroot-linux-gnu/10.3.0/include
 /home/crk/linux/SDK/rk3568_linux_sdk/buildroot/output/rockchip_rk3568/host/lib/gcc/aarch64-buildroot-linux-gnu/10.3.0/include-fixed
 /home/crk/linux/SDK/rk3568_linux_sdk/buildroot/output/rockchip_rk3568/host/lib/gcc/aarch64-buildroot-linux-gnu/10.3.0/../../../../aarch64-buildroot-linux-gnu/include
 /home/crk/linux/SDK/rk3568_linux_sdk/buildroot/output/rockchip_rk3568/host/aarch64-buildroot-linux-gnu/sysroot/usr/include
End of search list.
GNU C17 (Buildroot 2018.02-rc3-gf4a9f6bd) version 10.3.0 (aarch64-buildroot-linux-gnu)
	compiled by GNU C version 9.4.0, GMP version 6.1.2, MPFR version 3.1.6, MPC version 1.0.3, isl version none
GGC heuristics: --param ggc-min-expand=100 --param ggc-min-heapsize=131072
Compiler executable checksum: c4eb66f85ad191ccd99859e1190cd513
COLLECT_GCC_OPTIONS='-v' '-o' 'CMakeFiles/cmTC_9afa3.dir/CMakeCCompilerABI.c.o' '-c' '-mcpu=cortex-a55' '-mlittle-endian' '-mabi=lp64'
 /home/crk/linux/SDK/rk3568_linux_sdk/buildroot/output/rockchip_rk3568/host/lib/gcc/aarch64-buildroot-linux-gnu/10.3.0/../../../../aarch64-buildroot-linux-gnu/bin/as -v -EL -march=armv8.2-a+fp16+rcpc+dotprod -mabi=lp64 -o CMakeFiles/cmTC_9afa3.dir/CMakeCCompilerABI.c.o /tmp/ccVV5h3E.s
GNU assembler version 2.36.1 (aarch64-buildroot-linux-gnu) using BFD version (GNU Binutils) 2.36.1
COMPILER_PATH=/home/crk/linux/SDK/rk3568_linux_sdk/buildroot/output/rockchip_rk3568/host/libexec/gcc/aarch64-buildroot-linux-gnu/10.3.0/:/home/crk/linux/SDK/rk3568_linux_sdk/buildroot/output/rockchip_rk3568/host/libexec/gcc/aarch64-buildroot-linux-gnu/10.3.0/:/home/crk/linux/SDK/rk3568_linux_sdk/buildroot/output/rockchip_rk3568/host/libexec/gcc/aarch64-buildroot-linux-gnu/:/home/crk/linux/SDK/rk3568_linux_sdk/buildroot/output/rockchip_rk3568/host/lib/gcc/aarch64-buildroot-linux-gnu/10.3.0/:/home/crk/linux/SDK/rk3568_linux_sdk/buildroot/output/rockchip_rk3568/host/lib/gcc/aarch64-buildroot-linux-gnu/:/home/crk/linux/SDK/rk3568_linux_sdk/buildroot/output/rockchip_rk3568/host/lib/gcc/aarch64-buildroot-linux-gnu/10.3.0/../../../../aarch64-buildroot-linux-gnu/bin/
LIBRARY_PATH=/home/crk/linux/SDK/rk3568_linux_sdk/buildroot/output/rockchip_rk3568/host/lib/gcc/aarch64-buildroot-linux-gnu/10.3.0/:/home/crk/linux/SDK/rk3568_linux_sdk/buildroot/output/rockchip_rk3568/host/lib/gcc/aarch64-buildroot-linux-gnu/10.3.0/../../../../aarch64-buildroot-linux-gnu/lib/../lib64/:/home/crk/linux/SDK/rk3568_linux_sdk/buildroot/output/rockchip_rk3568/host/aarch64-buildroot-linux-gnu/sysroot/lib/../lib64/:/home/crk/linux/SDK/rk3568_linux_sdk/buildroot/output/rockchip_rk3568/host/aarch64-buildroot-linux-gnu/sysroot/usr/lib/../lib64/:/home/crk/linux/SDK/rk3568_linux_sdk/buildroot/output/rockchip_rk3568/host/lib/gcc/aarch64-buildroot-linux-gnu/10.3.0/../../../../aarch64-buildroot-linux-gnu/lib/:/home/crk/linux/SDK/rk3568_linux_sdk/buildroot/output/rockchip_rk3568/host/aarch64-buildroot-linux-gnu/sysroot/lib/:/home/crk/linux/SDK/rk3568_linux_sdk/buildroot/output/rockchip_rk3568/host/aarch64-buildroot-linux-gnu/sysroot/usr/lib/
COLLECT_GCC_OPTIONS='-v' '-o' 'CMakeFiles/cmTC_9afa3.dir/CMakeCCompilerABI.c.o' '-c' '-mcpu=cortex-a55' '-mlittle-endian' '-mabi=lp64'
Linking C executable cmTC_9afa3
/usr/bin/cmake -E cmake_link_script CMakeFiles/cmTC_9afa3.dir/link.txt --verbose=1
/home/crk/linux/SDK/rk3568_linux_sdk/buildroot/output/rockchip_rk3568/host/bin/aarch64-buildroot-linux-gnu-gcc     -v CMakeFiles/cmTC_9afa3.dir/CMakeCCompilerABI.c.o  -o cmTC_9afa3 
Using built-in specs.
COLLECT_GCC=/home/crk/linux/SDK/rk3568_linux_sdk/buildroot/output/rockchip_rk3568/host/bin/aarch64-buildroot-linux-gnu-gcc.br_real
COLLECT_LTO_WRAPPER=/home/crk/linux/SDK/rk3568_linux_sdk/buildroot/output/rockchip_rk3568/host/libexec/gcc/aarch64-buildroot-linux-gnu/10.3.0/lto-wrapper
Target: aarch64-buildroot-linux-gnu
Configured with: ./configure --prefix=/home/crk/linux/SDK/rk3568_linux_sdk/buildroot/output/rockchip_rk3568/host --sysconfdir=/home/crk/linux/SDK/rk3568_linux_sdk/buildroot/output/rockchip_rk3568/host/etc --enable-static --target=aarch64-buildroot-linux-gnu --with-sysroot=/home/crk/linux/SDK/rk3568_linux_sdk/buildroot/output/rockchip_rk3568/host/aarch64-buildroot-linux-gnu/sysroot --enable-__cxa_atexit --with-gnu-ld --disable-libssp --disable-multilib --disable-decimal-float --with-gmp=/home/crk/linux/SDK/rk3568_linux_sdk/buildroot/output/rockchip_rk3568/host --with-mpc=/home/crk/linux/SDK/rk3568_linux_sdk/buildroot/output/rockchip_rk3568/host --with-mpfr=/home/crk/linux/SDK/rk3568_linux_sdk/buildroot/output/rockchip_rk3568/host --with-pkgversion='Buildroot 2018.02-rc3-gf4a9f6bd' --with-bugurl=http://bugs.buildroot.net/ --without-zstd --disable-libquadmath --disable-libquadmath-support --enable-tls --enable-threads --without-isl --without-cloog --with-abi=lp64 --with-cpu=cortex-a55 --enable-languages=c,c++ --with-build-time-tools=/home/crk/linux/SDK/rk3568_linux_sdk/buildroot/output/rockchip_rk3568/host/aarch64-buildroot-linux-gnu/bin --enable-shared --disable-libgomp
Thread model: posix
Supported LTO compression algorithms: zlib
gcc version 10.3.0 (Buildroot 2018.02-rc3-gf4a9f6bd) 
COMPILER_PATH=/home/crk/linux/SDK/rk3568_linux_sdk/buildroot/output/rockchip_rk3568/host/libexec/gcc/aarch64-buildroot-linux-gnu/10.3.0/:/home/crk/linux/SDK/rk3568_linux_sdk/buildroot/output/rockchip_rk3568/host/libexec/gcc/aarch64-buildroot-linux-gnu/10.3.0/:/home/crk/linux/SDK/rk3568_linux_sdk/buildroot/output/rockchip_rk3568/host/libexec/gcc/aarch64-buildroot-linux-gnu/:/home/crk/linux/SDK/rk3568_linux_sdk/buildroot/output/rockchip_rk3568/host/lib/gcc/aarch64-buildroot-linux-gnu/10.3.0/:/home/crk/linux/SDK/rk3568_linux_sdk/buildroot/output/rockchip_rk3568/host/lib/gcc/aarch64-buildroot-linux-gnu/:/home/crk/linux/SDK/rk3568_linux_sdk/buildroot/output/rockchip_rk3568/host/lib/gcc/aarch64-buildroot-linux-gnu/10.3.0/../../../../aarch64-buildroot-linux-gnu/bin/
LIBRARY_PATH=/home/crk/linux/SDK/rk3568_linux_sdk/buildroot/output/rockchip_rk3568/host/lib/gcc/aarch64-buildroot-linux-gnu/10.3.0/:/home/crk/linux/SDK/rk3568_linux_sdk/buildroot/output/rockchip_rk3568/host/lib/gcc/aarch64-buildroot-linux-gnu/10.3.0/../../../../aarch64-buildroot-linux-gnu/lib/../lib64/:/home/crk/linux/SDK/rk3568_linux_sdk/buildroot/output/rockchip_rk3568/host/aarch64-buildroot-linux-gnu/sysroot/lib/../lib64/:/home/crk/linux/SDK/rk3568_linux_sdk/buildroot/output/rockchip_rk3568/host/aarch64-buildroot-linux-gnu/sysroot/usr/lib/../lib64/:/home/crk/linux/SDK/rk3568_linux_sdk/buildroot/output/rockchip_rk3568/host/lib/gcc/aarch64-buildroot-linux-gnu/10.3.0/../../../../aarch64-buildroot-linux-gnu/lib/:/home/crk/linux/SDK/rk3568_linux_sdk/buildroot/output/rockchip_rk3568/host/aarch64-buildroot-linux-gnu/sysroot/lib/:/home/crk/linux/SDK/rk3568_linux_sdk/buildroot/output/rockchip_rk3568/host/aarch64-buildroot-linux-gnu/sysroot/usr/lib/
COLLECT_GCC_OPTIONS='-v' '-o' 'cmTC_9afa3' '-mcpu=cortex-a55' '-mlittle-endian' '-mabi=lp64'
 /home/crk/linux/SDK/rk3568_linux_sdk/buildroot/output/rockchip_rk3568/host/libexec/gcc/aarch64-buildroot-linux-gnu/10.3.0/collect2 -plugin /home/crk/linux/SDK/rk3568_linux_sdk/buildroot/output/rockchip_rk3568/host/libexec/gcc/aarch64-buildroot-linux-gnu/10.3.0/liblto_plugin.so -plugin-opt=/home/crk/linux/SDK/rk3568_linux_sdk/buildroot/output/rockchip_rk3568/host/libexec/gcc/aarch64-buildroot-linux-gnu/10.3.0/lto-wrapper -plugin-opt=-fresolution=/tmp/cc9yS2A6.res -plugin-opt=-pass-through=-lgcc -plugin-opt=-pass-through=-lgcc_s -plugin-opt=-pass-through=-lc -plugin-opt=-pass-through=-lgcc -plugin-opt=-pass-through=-lgcc_s --sysroot=/home/crk/linux/SDK/rk3568_linux_sdk/buildroot/output/rockchip_rk3568/host/aarch64-buildroot-linux-gnu/sysroot --eh-frame-hdr -dynamic-linker /lib/ld-linux-aarch64.so.1 -X -EL -maarch64linux -o cmTC_9afa3 /home/crk/linux/SDK/rk3568_linux_sdk/buildroot/output/rockchip_rk3568/host/aarch64-buildroot-linux-gnu/sysroot/usr/lib/../lib64/crt1.o /home/crk/linux/SDK/rk3568_linux_sdk/buildroot/output/rockchip_rk3568/host/aarch64-buildroot-linux-gnu/sysroot/usr/lib/../lib64/crti.o /home/crk/linux/SDK/rk3568_linux_sdk/buildroot/output/rockchip_rk3568/host/lib/gcc/aarch64-buildroot-linux-gnu/10.3.0/crtbegin.o -L/home/crk/linux/SDK/rk3568_linux_sdk/buildroot/output/rockchip_rk3568/host/lib/gcc/aarch64-buildroot-linux-gnu/10.3.0 -L/home/crk/linux/SDK/rk3568_linux_sdk/buildroot/output/rockchip_rk3568/host/lib/gcc/aarch64-buildroot-linux-gnu/10.3.0/../../../../aarch64-buildroot-linux-gnu/lib/../lib64 -L/home/crk/linux/SDK/rk3568_linux_sdk/buildroot/output/rockchip_rk3568/host/aarch64-buildroot-linux-gnu/sysroot/lib/../lib64 -L/home/crk/linux/SDK/rk3568_linux_sdk/buildroot/output/rockchip_rk3568/host/aarch64-buildroot-linux-gnu/sysroot/usr/lib/../lib64 -L/home/crk/linux/SDK/rk3568_linux_sdk/buildroot/output/rockchip_rk3568/host/lib/gcc/aarch64-buildroot-linux-gnu/10.3.0/../../../../aarch64-buildroot-linux-gnu/lib -L/home/crk/linux/SDK/rk3568_linux_sdk/buildroot/output/rockchip_rk3568/host/aarch64-buildroot-linux-gnu/sysroot/lib -L/home/crk/linux/SDK/rk3568_linux_sdk/buildroot/output/rockchip_rk3568/host/aarch64-buildroot-linux-gnu/sysroot/usr/lib CMakeFiles/cmTC_9afa3.dir/CMakeCCompilerABI.c.o -lgcc --push-state --as-needed -lgcc_s --pop-state -lc -lgcc --push-state --as-needed -lgcc_s --pop-state /home/crk/linux/SDK/rk3568_linux_sdk/buildroot/output/rockchip_rk3568/host/lib/gcc/aarch64-buildroot-linux-gnu/10.3.0/crtend.o /home/crk/linux/SDK/rk3568_linux_sdk/buildroot/output/rockchip_rk3568/host/aarch64-buildroot-linux-gnu/sysroot/usr/lib/../lib64/crtn.o
COLLECT_GCC_OPTIONS='-v' '-o' 'cmTC_9afa3' '-mcpu=cortex-a55' '-mlittle-endian' '-mabi=lp64'
make[1]: Leaving directory '/home/crk/linux/IMX335/camera_RTSP/build/CMakeFiles/CMakeTmp'



Parsed C implicit include dir info from above output: rv=done
  found start of include info
  found start of implicit include info
    add: [/home/crk/linux/SDK/rk3568_linux_sdk/buildroot/output/rockchip_rk3568/host/lib/gcc/aarch64-buildroot-linux-gnu/10.3.0/include]
    add: [/home/crk/linux/SDK/rk3568_linux_sdk/buildroot/output/rockchip_rk3568/host/lib/gcc/aarch64-buildroot-linux-gnu/10.3.0/include-fixed]
    add: [/home/crk/linux/SDK/rk3568_linux_sdk/buildroot/output/rockchip_rk3568/host/lib/gcc/aarch64-buildroot-linux-gnu/10.3.0/../../../../aarch64-buildroot-linux-gnu/include]
    add: [/home/crk/linux/SDK/rk3568_linux_sdk/buildroot/output/rockchip_rk3568/host/aarch64-buildroot-linux-gnu/sysroot/usr/include]
  end of search list found
  collapse include dir [/home/crk/linux/SDK/rk3568_linux_sdk/buildroot/output/rockchip_rk3568/host/lib/gcc/aarch64-buildroot-linux-gnu/10.3.0/include] ==> [/home/crk/linux/SDK/rk3568_linux_sdk/buildroot/output/rockchip_rk3568/host/lib/gcc/aarch64-buildroot-linux-gnu/10.3.0/include]
  collapse include dir [/home/crk/linux/SDK/rk3568_linux_sdk/buildroot/output/rockchip_rk3568/host/lib/gcc/aarch64-buildroot-linux-gnu/10.3.0/include-fixed] ==> [/home/crk/linux/SDK/rk3568_linux_sdk/buildroot/output/rockchip_rk3568/host/lib/gcc/aarch64-buildroot-linux-gnu/10.3.0/include-fixed]
  collapse include dir [/home/crk/linux/SDK/rk3568_linux_sdk/buildroot/output/rockchip_rk3568/host/lib/gcc/aarch64-buildroot-linux-gnu/10.3.0/../../../../aarch64-buildroot-linux-gnu/include] ==> [/home/crk/linux/SDK/rk3568_linux_sdk/buildroot/output/rockchip_rk3568/host/aarch64-buildroot-linux-gnu/include]
  collapse include dir [/home/crk/linux/SDK/rk3568_linux_sdk/buildroot/output/rockchip_rk3568/host/aarch64-buildroot-linux-gnu/sysroot/usr/include] ==> [/home/crk/linux/SDK/rk3568_linux_sdk/buildroot/output/rockchip_rk3568/host/aarch64-buildroot-linux-gnu/sysroot/usr/include]
  implicit include dirs: [/home/crk/linux/SDK/rk3568_linux_sdk/buildroot/output/rockchip_rk3568/host/lib/gcc/aarch64-buildroot-linux-gnu/10.3.0/include;/home/crk/linux/SDK/rk3568_linux_sdk/buildroot/output/rockchip_rk3568/host/lib/gcc/aarch64-buildroot-linux-gnu/10.3.0/include-fixed;/home/crk/linux/SDK/rk3568_linux_sdk/buildroot/output/rockchip_rk3568/host/aarch64-buildroot-linux-gnu/include;/home/crk/linux/SDK/rk3568_linux_sdk/buildroot/output/rockchip_rk3568/host/aarch64-buildroot-linux-gnu/sysroot/usr/include]


Parsed C implicit link information from above output:
  link line regex: [^( *|.*[/\])(ld|CMAKE_LINK_STARTFILE-NOTFOUND|([^/\]+-)?ld|collect2)[^/\]*( |$)]
  ignore line: [Change Dir: /home/crk/linux/IMX335/camera_RTSP/build/CMakeFiles/CMakeTmp]
  ignore line: []
  ignore line: [Run Build Command(s):/usr/bin/make cmTC_9afa3/fast && /usr/bin/make -f CMakeFiles/cmTC_9afa3.dir/build.make CMakeFiles/cmTC_9afa3.dir/build]
  ignore line: [make[1]: Entering directory '/home/crk/linux/IMX335/camera_RTSP/build/CMakeFiles/CMakeTmp']
  ignore line: [Building C object CMakeFiles/cmTC_9afa3.dir/CMakeCCompilerABI.c.o]
  ignore line: [/home/crk/linux/SDK/rk3568_linux_sdk/buildroot/output/rockchip_rk3568/host/bin/aarch64-buildroot-linux-gnu-gcc   -v -o CMakeFiles/cmTC_9afa3.dir/CMakeCCompilerABI.c.o   -c /usr/share/cmake-3.16/Modules/CMakeCCompilerABI.c]
  ignore line: [Using built-in specs.]
  ignore line: [COLLECT_GCC=/home/crk/linux/SDK/rk3568_linux_sdk/buildroot/output/rockchip_rk3568/host/bin/aarch64-buildroot-linux-gnu-gcc.br_real]
  ignore line: [Target: aarch64-buildroot-linux-gnu]
  ignore line: [Configured with: ./configure --prefix=/home/crk/linux/SDK/rk3568_linux_sdk/buildroot/output/rockchip_rk3568/host --sysconfdir=/home/crk/linux/SDK/rk3568_linux_sdk/buildroot/output/rockchip_rk3568/host/etc --enable-static --target=aarch64-buildroot-linux-gnu --with-sysroot=/home/crk/linux/SDK/rk3568_linux_sdk/buildroot/output/rockchip_rk3568/host/aarch64-buildroot-linux-gnu/sysroot --enable-__cxa_atexit --with-gnu-ld --disable-libssp --disable-multilib --disable-decimal-float --with-gmp=/home/crk/linux/SDK/rk3568_linux_sdk/buildroot/output/rockchip_rk3568/host --with-mpc=/home/crk/linux/SDK/rk3568_linux_sdk/buildroot/output/rockchip_rk3568/host --with-mpfr=/home/crk/linux/SDK/rk3568_linux_sdk/buildroot/output/rockchip_rk3568/host --with-pkgversion='Buildroot 2018.02-rc3-gf4a9f6bd' --with-bugurl=http://bugs.buildroot.net/ --without-zstd --disable-libquadmath --disable-libquadmath-support --enable-tls --enable-threads --without-isl --without-cloog --with-abi=lp64 --with-cpu=cortex-a55 --enable-languages=c,c++ --with-build-time-tools=/home/crk/linux/SDK/rk3568_linux_sdk/buildroot/output/rockchip_rk3568/host/aarch64-buildroot-linux-gnu/bin --enable-shared --disable-libgomp]
  ignore line: [Thread model: posix]
  ignore line: [Supported LTO compression algorithms: zlib]
  ignore line: [gcc version 10.3.0 (Buildroot 2018.02-rc3-gf4a9f6bd) ]
  ignore line: [COLLECT_GCC_OPTIONS='-v' '-o' 'CMakeFiles/cmTC_9afa3.dir/CMakeCCompilerABI.c.o' '-c' '-mcpu=cortex-a55' '-mlittle-endian' '-mabi=lp64']
  ignore line: [ /home/crk/linux/SDK/rk3568_linux_sdk/buildroot/output/rockchip_rk3568/host/libexec/gcc/aarch64-buildroot-linux-gnu/10.3.0/cc1 -quiet -v -isysroot /home/crk/linux/SDK/rk3568_linux_sdk/buildroot/output/rockchip_rk3568/host/aarch64-buildroot-linux-gnu/sysroot /usr/share/cmake-3.16/Modules/CMakeCCompilerABI.c -quiet -dumpbase CMakeCCompilerABI.c -mcpu=cortex-a55 -mlittle-endian -mabi=lp64 -auxbase-strip CMakeFiles/cmTC_9afa3.dir/CMakeCCompilerABI.c.o -version -o /tmp/ccVV5h3E.s]
  ignore line: [GNU C17 (Buildroot 2018.02-rc3-gf4a9f6bd) version 10.3.0 (aarch64-buildroot-linux-gnu)]
  ignore line: [	compiled by GNU C version 9.4.0  GMP version 6.1.2  MPFR version 3.1.6  MPC version 1.0.3  isl version none]
  ignore line: [GGC heuristics: --param ggc-min-expand=100 --param ggc-min-heapsize=131072]
  ignore line: [ignoring nonexistent directory "/home/crk/linux/SDK/rk3568_linux_sdk/buildroot/output/rockchip_rk3568/host/aarch64-buildroot-linux-gnu/sysroot/usr/local/include"]
  ignore line: [#include "..." search starts here:]
  ignore line: [#include <...> search starts here:]
  ignore line: [ /home/crk/linux/SDK/rk3568_linux_sdk/buildroot/output/rockchip_rk3568/host/lib/gcc/aarch64-buildroot-linux-gnu/10.3.0/include]
  ignore line: [ /home/crk/linux/SDK/rk3568_linux_sdk/buildroot/output/rockchip_rk3568/host/lib/gcc/aarch64-buildroot-linux-gnu/10.3.0/include-fixed]
  ignore line: [ /home/crk/linux/SDK/rk3568_linux_sdk/buildroot/output/rockchip_rk3568/host/lib/gcc/aarch64-buildroot-linux-gnu/10.3.0/../../../../aarch64-buildroot-linux-gnu/include]
  ignore line: [ /home/crk/linux/SDK/rk3568_linux_sdk/buildroot/output/rockchip_rk3568/host/aarch64-buildroot-linux-gnu/sysroot/usr/include]
  ignore line: [End of search list.]
  ignore line: [GNU C17 (Buildroot 2018.02-rc3-gf4a9f6bd) version 10.3.0 (aarch64-buildroot-linux-gnu)]
  ignore line: [	compiled by GNU C version 9.4.0  GMP version 6.1.2  MPFR version 3.1.6  MPC version 1.0.3  isl version none]
  ignore line: [GGC heuristics: --param ggc-min-expand=100 --param ggc-min-heapsize=131072]
  ignore line: [Compiler executable checksum: c4eb66f85ad191ccd99859e1190cd513]
  ignore line: [COLLECT_GCC_OPTIONS='-v' '-o' 'CMakeFiles/cmTC_9afa3.dir/CMakeCCompilerABI.c.o' '-c' '-mcpu=cortex-a55' '-mlittle-endian' '-mabi=lp64']
  ignore line: [ /home/crk/linux/SDK/rk3568_linux_sdk/buildroot/output/rockchip_rk3568/host/lib/gcc/aarch64-buildroot-linux-gnu/10.3.0/../../../../aarch64-buildroot-linux-gnu/bin/as -v -EL -march=armv8.2-a+fp16+rcpc+dotprod -mabi=lp64 -o CMakeFiles/cmTC_9afa3.dir/CMakeCCompilerABI.c.o /tmp/ccVV5h3E.s]
  ignore line: [GNU assembler version 2.36.1 (aarch64-buildroot-linux-gnu) using BFD version (GNU Binutils) 2.36.1]
  ignore line: [COMPILER_PATH=/home/crk/linux/SDK/rk3568_linux_sdk/buildroot/output/rockchip_rk3568/host/libexec/gcc/aarch64-buildroot-linux-gnu/10.3.0/:/home/crk/linux/SDK/rk3568_linux_sdk/buildroot/output/rockchip_rk3568/host/libexec/gcc/aarch64-buildroot-linux-gnu/10.3.0/:/home/crk/linux/SDK/rk3568_linux_sdk/buildroot/output/rockchip_rk3568/host/libexec/gcc/aarch64-buildroot-linux-gnu/:/home/crk/linux/SDK/rk3568_linux_sdk/buildroot/output/rockchip_rk3568/host/lib/gcc/aarch64-buildroot-linux-gnu/10.3.0/:/home/crk/linux/SDK/rk3568_linux_sdk/buildroot/output/rockchip_rk3568/host/lib/gcc/aarch64-buildroot-linux-gnu/:/home/crk/linux/SDK/rk3568_linux_sdk/buildroot/output/rockchip_rk3568/host/lib/gcc/aarch64-buildroot-linux-gnu/10.3.0/../../../../aarch64-buildroot-linux-gnu/bin/]
  ignore line: [LIBRARY_PATH=/home/crk/linux/SDK/rk3568_linux_sdk/buildroot/output/rockchip_rk3568/host/lib/gcc/aarch64-buildroot-linux-gnu/10.3.0/:/home/crk/linux/SDK/rk3568_linux_sdk/buildroot/output/rockchip_rk3568/host/lib/gcc/aarch64-buildroot-linux-gnu/10.3.0/../../../../aarch64-buildroot-linux-gnu/lib/../lib64/:/home/crk/linux/SDK/rk3568_linux_sdk/buildroot/output/rockchip_rk3568/host/aarch64-buildroot-linux-gnu/sysroot/lib/../lib64/:/home/crk/linux/SDK/rk3568_linux_sdk/buildroot/output/rockchip_rk3568/host/aarch64-buildroot-linux-gnu/sysroot/usr/lib/../lib64/:/home/crk/linux/SDK/rk3568_linux_sdk/buildroot/output/rockchip_rk3568/host/lib/gcc/aarch64-buildroot-linux-gnu/10.3.0/../../../../aarch64-buildroot-linux-gnu/lib/:/home/crk/linux/SDK/rk3568_linux_sdk/buildroot/output/rockchip_rk3568/host/aarch64-buildroot-linux-gnu/sysroot/lib/:/home/crk/linux/SDK/rk3568_linux_sdk/buildroot/output/rockchip_rk3568/host/aarch64-buildroot-linux-gnu/sysroot/usr/lib/]
  ignore line: [COLLECT_GCC_OPTIONS='-v' '-o' 'CMakeFiles/cmTC_9afa3.dir/CMakeCCompilerABI.c.o' '-c' '-mcpu=cortex-a55' '-mlittle-endian' '-mabi=lp64']
  ignore line: [Linking C executable cmTC_9afa3]
  ignore line: [/usr/bin/cmake -E cmake_link_script CMakeFiles/cmTC_9afa3.dir/link.txt --verbose=1]
  ignore line: [/home/crk/linux/SDK/rk3568_linux_sdk/buildroot/output/rockchip_rk3568/host/bin/aarch64-buildroot-linux-gnu-gcc     -v CMakeFiles/cmTC_9afa3.dir/CMakeCCompilerABI.c.o  -o cmTC_9afa3 ]
  ignore line: [Using built-in specs.]
  ignore line: [COLLECT_GCC=/home/crk/linux/SDK/rk3568_linux_sdk/buildroot/output/rockchip_rk3568/host/bin/aarch64-buildroot-linux-gnu-gcc.br_real]
  ignore line: [COLLECT_LTO_WRAPPER=/home/crk/linux/SDK/rk3568_linux_sdk/buildroot/output/rockchip_rk3568/host/libexec/gcc/aarch64-buildroot-linux-gnu/10.3.0/lto-wrapper]
  ignore line: [Target: aarch64-buildroot-linux-gnu]
  ignore line: [Configured with: ./configure --prefix=/home/crk/linux/SDK/rk3568_linux_sdk/buildroot/output/rockchip_rk3568/host --sysconfdir=/home/crk/linux/SDK/rk3568_linux_sdk/buildroot/output/rockchip_rk3568/host/etc --enable-static --target=aarch64-buildroot-linux-gnu --with-sysroot=/home/crk/linux/SDK/rk3568_linux_sdk/buildroot/output/rockchip_rk3568/host/aarch64-buildroot-linux-gnu/sysroot --enable-__cxa_atexit --with-gnu-ld --disable-libssp --disable-multilib --disable-decimal-float --with-gmp=/home/crk/linux/SDK/rk3568_linux_sdk/buildroot/output/rockchip_rk3568/host --with-mpc=/home/crk/linux/SDK/rk3568_linux_sdk/buildroot/output/rockchip_rk3568/host --with-mpfr=/home/crk/linux/SDK/rk3568_linux_sdk/buildroot/output/rockchip_rk3568/host --with-pkgversion='Buildroot 2018.02-rc3-gf4a9f6bd' --with-bugurl=http://bugs.buildroot.net/ --without-zstd --disable-libquadmath --disable-libquadmath-support --enable-tls --enable-threads --without-isl --without-cloog --with-abi=lp64 --with-cpu=cortex-a55 --enable-languages=c,c++ --with-build-time-tools=/home/crk/linux/SDK/rk3568_linux_sdk/buildroot/output/rockchip_rk3568/host/aarch64-buildroot-linux-gnu/bin --enable-shared --disable-libgomp]
  ignore line: [Thread model: posix]
  ignore line: [Supported LTO compression algorithms: zlib]
  ignore line: [gcc version 10.3.0 (Buildroot 2018.02-rc3-gf4a9f6bd) ]
  ignore line: [COMPILER_PATH=/home/crk/linux/SDK/rk3568_linux_sdk/buildroot/output/rockchip_rk3568/host/libexec/gcc/aarch64-buildroot-linux-gnu/10.3.0/:/home/crk/linux/SDK/rk3568_linux_sdk/buildroot/output/rockchip_rk3568/host/libexec/gcc/aarch64-buildroot-linux-gnu/10.3.0/:/home/crk/linux/SDK/rk3568_linux_sdk/buildroot/output/rockchip_rk3568/host/libexec/gcc/aarch64-buildroot-linux-gnu/:/home/crk/linux/SDK/rk3568_linux_sdk/buildroot/output/rockchip_rk3568/host/lib/gcc/aarch64-buildroot-linux-gnu/10.3.0/:/home/crk/linux/SDK/rk3568_linux_sdk/buildroot/output/rockchip_rk3568/host/lib/gcc/aarch64-buildroot-linux-gnu/:/home/crk/linux/SDK/rk3568_linux_sdk/buildroot/output/rockchip_rk3568/host/lib/gcc/aarch64-buildroot-linux-gnu/10.3.0/../../../../aarch64-buildroot-linux-gnu/bin/]
  ignore line: [LIBRARY_PATH=/home/crk/linux/SDK/rk3568_linux_sdk/buildroot/output/rockchip_rk3568/host/lib/gcc/aarch64-buildroot-linux-gnu/10.3.0/:/home/crk/linux/SDK/rk3568_linux_sdk/buildroot/output/rockchip_rk3568/host/lib/gcc/aarch64-buildroot-linux-gnu/10.3.0/../../../../aarch64-buildroot-linux-gnu/lib/../lib64/:/home/crk/linux/SDK/rk3568_linux_sdk/buildroot/output/rockchip_rk3568/host/aarch64-buildroot-linux-gnu/sysroot/lib/../lib64/:/home/crk/linux/SDK/rk3568_linux_sdk/buildroot/output/rockchip_rk3568/host/aarch64-buildroot-linux-gnu/sysroot/usr/lib/../lib64/:/home/crk/linux/SDK/rk3568_linux_sdk/buildroot/output/rockchip_rk3568/host/lib/gcc/aarch64-buildroot-linux-gnu/10.3.0/../../../../aarch64-buildroot-linux-gnu/lib/:/home/crk/linux/SDK/rk3568_linux_sdk/buildroot/output/rockchip_rk3568/host/aarch64-buildroot-linux-gnu/sysroot/lib/:/home/crk/linux/SDK/rk3568_linux_sdk/buildroot/output/rockchip_rk3568/host/aarch64-buildroot-linux-gnu/sysroot/usr/lib/]
  ignore line: [COLLECT_GCC_OPTIONS='-v' '-o' 'cmTC_9afa3' '-mcpu=cortex-a55' '-mlittle-endian' '-mabi=lp64']
  link line: [ /home/crk/linux/SDK/rk3568_linux_sdk/buildroot/output/rockchip_rk3568/host/libexec/gcc/aarch64-buildroot-linux-gnu/10.3.0/collect2 -plugin /home/crk/linux/SDK/rk3568_linux_sdk/buildroot/output/rockchip_rk3568/host/libexec/gcc/aarch64-buildroot-linux-gnu/10.3.0/liblto_plugin.so -plugin-opt=/home/crk/linux/SDK/rk3568_linux_sdk/buildroot/output/rockchip_rk3568/host/libexec/gcc/aarch64-buildroot-linux-gnu/10.3.0/lto-wrapper -plugin-opt=-fresolution=/tmp/cc9yS2A6.res -plugin-opt=-pass-through=-lgcc -plugin-opt=-pass-through=-lgcc_s -plugin-opt=-pass-through=-lc -plugin-opt=-pass-through=-lgcc -plugin-opt=-pass-through=-lgcc_s --sysroot=/home/crk/linux/SDK/rk3568_linux_sdk/buildroot/output/rockchip_rk3568/host/aarch64-buildroot-linux-gnu/sysroot --eh-frame-hdr -dynamic-linker /lib/ld-linux-aarch64.so.1 -X -EL -maarch64linux -o cmTC_9afa3 /home/crk/linux/SDK/rk3568_linux_sdk/buildroot/output/rockchip_rk3568/host/aarch64-buildroot-linux-gnu/sysroot/usr/lib/../lib64/crt1.o /home/crk/linux/SDK/rk3568_linux_sdk/buildroot/output/rockchip_rk3568/host/aarch64-buildroot-linux-gnu/sysroot/usr/lib/../lib64/crti.o /home/crk/linux/SDK/rk3568_linux_sdk/buildroot/output/rockchip_rk3568/host/lib/gcc/aarch64-buildroot-linux-gnu/10.3.0/crtbegin.o -L/home/crk/linux/SDK/rk3568_linux_sdk/buildroot/output/rockchip_rk3568/host/lib/gcc/aarch64-buildroot-linux-gnu/10.3.0 -L/home/crk/linux/SDK/rk3568_linux_sdk/buildroot/output/rockchip_rk3568/host/lib/gcc/aarch64-buildroot-linux-gnu/10.3.0/../../../../aarch64-buildroot-linux-gnu/lib/../lib64 -L/home/crk/linux/SDK/rk3568_linux_sdk/buildroot/output/rockchip_rk3568/host/aarch64-buildroot-linux-gnu/sysroot/lib/../lib64 -L/home/crk/linux/SDK/rk3568_linux_sdk/buildroot/output/rockchip_rk3568/host/aarch64-buildroot-linux-gnu/sysroot/usr/lib/../lib64 -L/home/crk/linux/SDK/rk3568_linux_sdk/buildroot/output/rockchip_rk3568/host/lib/gcc/aarch64-buildroot-linux-gnu/10.3.0/../../../../aarch64-buildroot-linux-gnu/lib -L/home/crk/linux/SDK/rk3568_linux_sdk/buildroot/output/rockchip_rk3568/host/aarch64-buildroot-linux-gnu/sysroot/lib -L/home/crk/linux/SDK/rk3568_linux_sdk/buildroot/output/rockchip_rk3568/host/aarch64-buildroot-linux-gnu/sysroot/usr/lib CMakeFiles/cmTC_9afa3.dir/CMakeCCompilerABI.c.o -lgcc --push-state --as-needed -lgcc_s --pop-state -lc -lgcc --push-state --as-needed -lgcc_s --pop-state /home/crk/linux/SDK/rk3568_linux_sdk/buildroot/output/rockchip_rk3568/host/lib/gcc/aarch64-buildroot-linux-gnu/10.3.0/crtend.o /home/crk/linux/SDK/rk3568_linux_sdk/buildroot/output/rockchip_rk3568/host/aarch64-buildroot-linux-gnu/sysroot/usr/lib/../lib64/crtn.o]
    arg [/home/crk/linux/SDK/rk3568_linux_sdk/buildroot/output/rockchip_rk3568/host/libexec/gcc/aarch64-buildroot-linux-gnu/10.3.0/collect2] ==> ignore
    arg [-plugin] ==> ignore
    arg [/home/crk/linux/SDK/rk3568_linux_sdk/buildroot/output/rockchip_rk3568/host/libexec/gcc/aarch64-buildroot-linux-gnu/10.3.0/liblto_plugin.so] ==> ignore
    arg [-plugin-opt=/home/crk/linux/SDK/rk3568_linux_sdk/buildroot/output/rockchip_rk3568/host/libexec/gcc/aarch64-buildroot-linux-gnu/10.3.0/lto-wrapper] ==> ignore
    arg [-plugin-opt=-fresolution=/tmp/cc9yS2A6.res] ==> ignore
    arg [-plugin-opt=-pass-through=-lgcc] ==> ignore
    arg [-plugin-opt=-pass-through=-lgcc_s] ==> ignore
    arg [-plugin-opt=-pass-through=-lc] ==> ignore
    arg [-plugin-opt=-pass-through=-lgcc] ==> ignore
    arg [-plugin-opt=-pass-through=-lgcc_s] ==> ignore
    arg [--sysroot=/home/crk/linux/SDK/rk3568_linux_sdk/buildroot/output/rockchip_rk3568/host/aarch64-buildroot-linux-gnu/sysroot] ==> ignore
    arg [--eh-frame-hdr] ==> ignore
    arg [-dynamic-linker] ==> ignore
    arg [/lib/ld-linux-aarch64.so.1] ==> ignore
    arg [-X] ==> ignore
    arg [-EL] ==> ignore
    arg [-maarch64linux] ==> ignore
    arg [-o] ==> ignore
    arg [cmTC_9afa3] ==> ignore
    arg [/home/crk/linux/SDK/rk3568_linux_sdk/buildroot/output/rockchip_rk3568/host/aarch64-buildroot-linux-gnu/sysroot/usr/lib/../lib64/crt1.o] ==> ignore
    arg [/home/crk/linux/SDK/rk3568_linux_sdk/buildroot/output/rockchip_rk3568/host/aarch64-buildroot-linux-gnu/sysroot/usr/lib/../lib64/crti.o] ==> ignore
    arg [/home/crk/linux/SDK/rk3568_linux_sdk/buildroot/output/rockchip_rk3568/host/lib/gcc/aarch64-buildroot-linux-gnu/10.3.0/crtbegin.o] ==> ignore
    arg [-L/home/crk/linux/SDK/rk3568_linux_sdk/buildroot/output/rockchip_rk3568/host/lib/gcc/aarch64-buildroot-linux-gnu/10.3.0] ==> dir [/home/crk/linux/SDK/rk3568_linux_sdk/buildroot/output/rockchip_rk3568/host/lib/gcc/aarch64-buildroot-linux-gnu/10.3.0]
    arg [-L/home/crk/linux/SDK/rk3568_linux_sdk/buildroot/output/rockchip_rk3568/host/lib/gcc/aarch64-buildroot-linux-gnu/10.3.0/../../../../aarch64-buildroot-linux-gnu/lib/../lib64] ==> dir [/home/crk/linux/SDK/rk3568_linux_sdk/buildroot/output/rockchip_rk3568/host/lib/gcc/aarch64-buildroot-linux-gnu/10.3.0/../../../../aarch64-buildroot-linux-gnu/lib/../lib64]
    arg [-L/home/crk/linux/SDK/rk3568_linux_sdk/buildroot/output/rockchip_rk3568/host/aarch64-buildroot-linux-gnu/sysroot/lib/../lib64] ==> dir [/home/crk/linux/SDK/rk3568_linux_sdk/buildroot/output/rockchip_rk3568/host/aarch64-buildroot-linux-gnu/sysroot/lib/../lib64]
    arg [-L/home/crk/linux/SDK/rk3568_linux_sdk/buildroot/output/rockchip_rk3568/host/aarch64-buildroot-linux-gnu/sysroot/usr/lib/../lib64] ==> dir [/home/crk/linux/SDK/rk3568_linux_sdk/buildroot/output/rockchip_rk3568/host/aarch64-buildroot-linux-gnu/sysroot/usr/lib/../lib64]
    arg [-L/home/crk/linux/SDK/rk3568_linux_sdk/buildroot/output/rockchip_rk3568/host/lib/gcc/aarch64-buildroot-linux-gnu/10.3.0/../../../../aarch64-buildroot-linux-gnu/lib] ==> dir [/home/crk/linux/SDK/rk3568_linux_sdk/buildroot/output/rockchip_rk3568/host/lib/gcc/aarch64-buildroot-linux-gnu/10.3.0/../../../../aarch64-buildroot-linux-gnu/lib]
    arg [-L/home/crk/linux/SDK/rk3568_linux_sdk/buildroot/output/rockchip_rk3568/host/aarch64-buildroot-linux-gnu/sysroot/lib] ==> dir [/home/crk/linux/SDK/rk3568_linux_sdk/buildroot/output/rockchip_rk3568/host/aarch64-buildroot-linux-gnu/sysroot/lib]
    arg [-L/home/crk/linux/SDK/rk3568_linux_sdk/buildroot/output/rockchip_rk3568/host/aarch64-buildroot-linux-gnu/sysroot/usr/lib] ==> dir [/home/crk/linux/SDK/rk3568_linux_sdk/buildroot/output/rockchip_rk3568/host/aarch64-buildroot-linux-gnu/sysroot/usr/lib]
    arg [CMakeFiles/cmTC_9afa3.dir/CMakeCCompilerABI.c.o] ==> ignore
    arg [-lgcc] ==> lib [gcc]
    arg [--push-state] ==> ignore
    arg [--as-needed] ==> ignore
    arg [-lgcc_s] ==> lib [gcc_s]
    arg [--pop-state] ==> ignore
    arg [-lc] ==> lib [c]
    arg [-lgcc] ==> lib [gcc]
    arg [--push-state] ==> ignore
    arg [--as-needed] ==> ignore
    arg [-lgcc_s] ==> lib [gcc_s]
    arg [--pop-state] ==> ignore
    arg [/home/crk/linux/SDK/rk3568_linux_sdk/buildroot/output/rockchip_rk3568/host/lib/gcc/aarch64-buildroot-linux-gnu/10.3.0/crtend.o] ==> ignore
    arg [/home/crk/linux/SDK/rk3568_linux_sdk/buildroot/output/rockchip_rk3568/host/aarch64-buildroot-linux-gnu/sysroot/usr/lib/../lib64/crtn.o] ==> ignore
  collapse library dir [/home/crk/linux/SDK/rk3568_linux_sdk/buildroot/output/rockchip_rk3568/host/lib/gcc/aarch64-buildroot-linux-gnu/10.3.0] ==> [/home/crk/linux/SDK/rk3568_linux_sdk/buildroot/output/rockchip_rk3568/host/lib/gcc/aarch64-buildroot-linux-gnu/10.3.0]
  collapse library dir [/home/crk/linux/SDK/rk3568_linux_sdk/buildroot/output/rockchip_rk3568/host/lib/gcc/aarch64-buildroot-linux-gnu/10.3.0/../../../../aarch64-buildroot-linux-gnu/lib/../lib64] ==> [/home/crk/linux/SDK/rk3568_linux_sdk/buildroot/output/rockchip_rk3568/host/aarch64-buildroot-linux-gnu/lib64]
  collapse library dir [/home/crk/linux/SDK/rk3568_linux_sdk/buildroot/output/rockchip_rk3568/host/aarch64-buildroot-linux-gnu/sysroot/lib/../lib64] ==> [/home/crk/linux/SDK/rk3568_linux_sdk/buildroot/output/rockchip_rk3568/host/aarch64-buildroot-linux-gnu/sysroot/lib64]
  collapse library dir [/home/crk/linux/SDK/rk3568_linux_sdk/buildroot/output/rockchip_rk3568/host/aarch64-buildroot-linux-gnu/sysroot/usr/lib/../lib64] ==> [/home/crk/linux/SDK/rk3568_linux_sdk/buildroot/output/rockchip_rk3568/host/aarch64-buildroot-linux-gnu/sysroot/usr/lib64]
  collapse library dir [/home/crk/linux/SDK/rk3568_linux_sdk/buildroot/output/rockchip_rk3568/host/lib/gcc/aarch64-buildroot-linux-gnu/10.3.0/../../../../aarch64-buildroot-linux-gnu/lib] ==> [/home/crk/linux/SDK/rk3568_linux_sdk/buildroot/output/rockchip_rk3568/host/aarch64-buildroot-linux-gnu/lib]
  collapse library dir [/home/crk/linux/SDK/rk3568_linux_sdk/buildroot/output/rockchip_rk3568/host/aarch64-buildroot-linux-gnu/sysroot/lib] ==> [/home/crk/linux/SDK/rk3568_linux_sdk/buildroot/output/rockchip_rk3568/host/aarch64-buildroot-linux-gnu/sysroot/lib]
  collapse library dir [/home/crk/linux/SDK/rk3568_linux_sdk/buildroot/output/rockchip_rk3568/host/aarch64-buildroot-linux-gnu/sysroot/usr/lib] ==> [/home/crk/linux/SDK/rk3568_linux_sdk/buildroot/output/rockchip_rk3568/host/aarch64-buildroot-linux-gnu/sysroot/usr/lib]
  implicit libs: [gcc;gcc_s;c;gcc;gcc_s]
  implicit dirs: [/home/crk/linux/SDK/rk3568_linux_sdk/buildroot/output/rockchip_rk3568/host/lib/gcc/aarch64-buildroot-linux-gnu/10.3.0;/home/crk/linux/SDK/rk3568_linux_sdk/buildroot/output/rockchip_rk3568/host/aarch64-buildroot-linux-gnu/lib64;/home/crk/linux/SDK/rk3568_linux_sdk/buildroot/output/rockchip_rk3568/host/aarch64-buildroot-linux-gnu/sysroot/lib64;/home/crk/linux/SDK/rk3568_linux_sdk/buildroot/output/rockchip_rk3568/host/aarch64-buildroot-linux-gnu/sysroot/usr/lib64;/home/crk/linux/SDK/rk3568_linux_sdk/buildroot/output/rockchip_rk3568/host/aarch64-buildroot-linux-gnu/lib;/home/crk/linux/SDK/rk3568_linux_sdk/buildroot/output/rockchip_rk3568/host/aarch64-buildroot-linux-gnu/sysroot/lib;/home/crk/linux/SDK/rk3568_linux_sdk/buildroot/output/rockchip_rk3568/host/aarch64-buildroot-linux-gnu/sysroot/usr/lib]
  implicit fwks: []


Determining if the CXX compiler works passed with the following output:
Change Dir: /home/crk/linux/IMX335/camera_RTSP/build/CMakeFiles/CMakeTmp

Run Build Command(s):/usr/bin/make cmTC_1a6de/fast && /usr/bin/make -f CMakeFiles/cmTC_1a6de.dir/build.make CMakeFiles/cmTC_1a6de.dir/build
make[1]: 进入目录“/home/crk/linux/IMX335/camera_RTSP/build/CMakeFiles/CMakeTmp”
Building CXX object CMakeFiles/cmTC_1a6de.dir/testCXXCompiler.cxx.o
/home/crk/linux/SDK/rk3568_linux_sdk/buildroot/output/rockchip_rk3568/host/bin/aarch64-buildroot-linux-gnu-g++     -o CMakeFiles/cmTC_1a6de.dir/testCXXCompiler.cxx.o -c /home/crk/linux/IMX335/camera_RTSP/build/CMakeFiles/CMakeTmp/testCXXCompiler.cxx
Linking CXX executable cmTC_1a6de
/usr/bin/cmake -E cmake_link_script CMakeFiles/cmTC_1a6de.dir/link.txt --verbose=1
/home/crk/linux/SDK/rk3568_linux_sdk/buildroot/output/rockchip_rk3568/host/bin/aarch64-buildroot-linux-gnu-g++       CMakeFiles/cmTC_1a6de.dir/testCXXCompiler.cxx.o  -o cmTC_1a6de 
make[1]: 离开目录“/home/crk/linux/IMX335/camera_RTSP/build/CMakeFiles/CMakeTmp”



Detecting CXX compiler ABI info compiled with the following output:
Change Dir: /home/crk/linux/IMX335/camera_RTSP/build/CMakeFiles/CMakeTmp

Run Build Command(s):/usr/bin/make cmTC_e8213/fast && /usr/bin/make -f CMakeFiles/cmTC_e8213.dir/build.make CMakeFiles/cmTC_e8213.dir/build
make[1]: Entering directory '/home/crk/linux/IMX335/camera_RTSP/build/CMakeFiles/CMakeTmp'
Building CXX object CMakeFiles/cmTC_e8213.dir/CMakeCXXCompilerABI.cpp.o
/home/crk/linux/SDK/rk3568_linux_sdk/buildroot/output/rockchip_rk3568/host/bin/aarch64-buildroot-linux-gnu-g++    -v -o CMakeFiles/cmTC_e8213.dir/CMakeCXXCompilerABI.cpp.o -c /usr/share/cmake-3.16/Modules/CMakeCXXCompilerABI.cpp
Using built-in specs.
COLLECT_GCC=/home/crk/linux/SDK/rk3568_linux_sdk/buildroot/output/rockchip_rk3568/host/bin/aarch64-buildroot-linux-gnu-g++.br_real
Target: aarch64-buildroot-linux-gnu
Configured with: ./configure --prefix=/home/crk/linux/SDK/rk3568_linux_sdk/buildroot/output/rockchip_rk3568/host --sysconfdir=/home/crk/linux/SDK/rk3568_linux_sdk/buildroot/output/rockchip_rk3568/host/etc --enable-static --target=aarch64-buildroot-linux-gnu --with-sysroot=/home/crk/linux/SDK/rk3568_linux_sdk/buildroot/output/rockchip_rk3568/host/aarch64-buildroot-linux-gnu/sysroot --enable-__cxa_atexit --with-gnu-ld --disable-libssp --disable-multilib --disable-decimal-float --with-gmp=/home/crk/linux/SDK/rk3568_linux_sdk/buildroot/output/rockchip_rk3568/host --with-mpc=/home/crk/linux/SDK/rk3568_linux_sdk/buildroot/output/rockchip_rk3568/host --with-mpfr=/home/crk/linux/SDK/rk3568_linux_sdk/buildroot/output/rockchip_rk3568/host --with-pkgversion='Buildroot 2018.02-rc3-gf4a9f6bd' --with-bugurl=http://bugs.buildroot.net/ --without-zstd --disable-libquadmath --disable-libquadmath-support --enable-tls --enable-threads --without-isl --without-cloog --with-abi=lp64 --with-cpu=cortex-a55 --enable-languages=c,c++ --with-build-time-tools=/home/crk/linux/SDK/rk3568_linux_sdk/buildroot/output/rockchip_rk3568/host/aarch64-buildroot-linux-gnu/bin --enable-shared --disable-libgomp
Thread model: posix
Supported LTO compression algorithms: zlib
gcc version 10.3.0 (Buildroot 2018.02-rc3-gf4a9f6bd) 
COLLECT_GCC_OPTIONS='-v' '-o' 'CMakeFiles/cmTC_e8213.dir/CMakeCXXCompilerABI.cpp.o' '-c' '-shared-libgcc' '-mcpu=cortex-a55' '-mlittle-endian' '-mabi=lp64'
 /home/crk/linux/SDK/rk3568_linux_sdk/buildroot/output/rockchip_rk3568/host/libexec/gcc/aarch64-buildroot-linux-gnu/10.3.0/cc1plus -quiet -v -isysroot /home/crk/linux/SDK/rk3568_linux_sdk/buildroot/output/rockchip_rk3568/host/aarch64-buildroot-linux-gnu/sysroot -D_GNU_SOURCE /usr/share/cmake-3.16/Modules/CMakeCXXCompilerABI.cpp -quiet -dumpbase CMakeCXXCompilerABI.cpp -mcpu=cortex-a55 -mlittle-endian -mabi=lp64 -auxbase-strip CMakeFiles/cmTC_e8213.dir/CMakeCXXCompilerABI.cpp.o -version -o /tmp/cc14UBSz.s
GNU C++14 (Buildroot 2018.02-rc3-gf4a9f6bd) version 10.3.0 (aarch64-buildroot-linux-gnu)
	compiled by GNU C version 9.4.0, GMP version 6.1.2, MPFR version 3.1.6, MPC version 1.0.3, isl version none
GGC heuristics: --param ggc-min-expand=100 --param ggc-min-heapsize=131072
ignoring nonexistent directory "/home/crk/linux/SDK/rk3568_linux_sdk/buildroot/output/rockchip_rk3568/host/aarch64-buildroot-linux-gnu/sysroot/usr/local/include"
#include "..." search starts here:
#include <...> search starts here:
 /home/crk/linux/SDK/rk3568_linux_sdk/buildroot/output/rockchip_rk3568/host/lib/gcc/aarch64-buildroot-linux-gnu/10.3.0/../../../../aarch64-buildroot-linux-gnu/include/c++/10.3.0
 /home/crk/linux/SDK/rk3568_linux_sdk/buildroot/output/rockchip_rk3568/host/lib/gcc/aarch64-buildroot-linux-gnu/10.3.0/../../../../aarch64-buildroot-linux-gnu/include/c++/10.3.0/aarch64-buildroot-linux-gnu
 /home/crk/linux/SDK/rk3568_linux_sdk/buildroot/output/rockchip_rk3568/host/lib/gcc/aarch64-buildroot-linux-gnu/10.3.0/../../../../aarch64-buildroot-linux-gnu/include/c++/10.3.0/backward
 /home/crk/linux/SDK/rk3568_linux_sdk/buildroot/output/rockchip_rk3568/host/lib/gcc/aarch64-buildroot-linux-gnu/10.3.0/include
 /home/crk/linux/SDK/rk3568_linux_sdk/buildroot/output/rockchip_rk3568/host/lib/gcc/aarch64-buildroot-linux-gnu/10.3.0/include-fixed
 /home/crk/linux/SDK/rk3568_linux_sdk/buildroot/output/rockchip_rk3568/host/lib/gcc/aarch64-buildroot-linux-gnu/10.3.0/../../../../aarch64-buildroot-linux-gnu/include
 /home/crk/linux/SDK/rk3568_linux_sdk/buildroot/output/rockchip_rk3568/host/aarch64-buildroot-linux-gnu/sysroot/usr/include
End of search list.
GNU C++14 (Buildroot 2018.02-rc3-gf4a9f6bd) version 10.3.0 (aarch64-buildroot-linux-gnu)
	compiled by GNU C version 9.4.0, GMP version 6.1.2, MPFR version 3.1.6, MPC version 1.0.3, isl version none
GGC heuristics: --param ggc-min-expand=100 --param ggc-min-heapsize=131072
Compiler executable checksum: 9046e2e1d61c3cd2662b71585f2e1455
COLLECT_GCC_OPTIONS='-v' '-o' 'CMakeFiles/cmTC_e8213.dir/CMakeCXXCompilerABI.cpp.o' '-c' '-shared-libgcc' '-mcpu=cortex-a55' '-mlittle-endian' '-mabi=lp64'
 /home/crk/linux/SDK/rk3568_linux_sdk/buildroot/output/rockchip_rk3568/host/lib/gcc/aarch64-buildroot-linux-gnu/10.3.0/../../../../aarch64-buildroot-linux-gnu/bin/as -v -EL -march=armv8.2-a+fp16+rcpc+dotprod -mabi=lp64 -o CMakeFiles/cmTC_e8213.dir/CMakeCXXCompilerABI.cpp.o /tmp/cc14UBSz.s
GNU assembler version 2.36.1 (aarch64-buildroot-linux-gnu) using BFD version (GNU Binutils) 2.36.1
COMPILER_PATH=/home/crk/linux/SDK/rk3568_linux_sdk/buildroot/output/rockchip_rk3568/host/libexec/gcc/aarch64-buildroot-linux-gnu/10.3.0/:/home/crk/linux/SDK/rk3568_linux_sdk/buildroot/output/rockchip_rk3568/host/libexec/gcc/aarch64-buildroot-linux-gnu/10.3.0/:/home/crk/linux/SDK/rk3568_linux_sdk/buildroot/output/rockchip_rk3568/host/libexec/gcc/aarch64-buildroot-linux-gnu/:/home/crk/linux/SDK/rk3568_linux_sdk/buildroot/output/rockchip_rk3568/host/lib/gcc/aarch64-buildroot-linux-gnu/10.3.0/:/home/crk/linux/SDK/rk3568_linux_sdk/buildroot/output/rockchip_rk3568/host/lib/gcc/aarch64-buildroot-linux-gnu/:/home/crk/linux/SDK/rk3568_linux_sdk/buildroot/output/rockchip_rk3568/host/lib/gcc/aarch64-buildroot-linux-gnu/10.3.0/../../../../aarch64-buildroot-linux-gnu/bin/
LIBRARY_PATH=/home/crk/linux/SDK/rk3568_linux_sdk/buildroot/output/rockchip_rk3568/host/lib/gcc/aarch64-buildroot-linux-gnu/10.3.0/:/home/crk/linux/SDK/rk3568_linux_sdk/buildroot/output/rockchip_rk3568/host/lib/gcc/aarch64-buildroot-linux-gnu/10.3.0/../../../../aarch64-buildroot-linux-gnu/lib/../lib64/:/home/crk/linux/SDK/rk3568_linux_sdk/buildroot/output/rockchip_rk3568/host/aarch64-buildroot-linux-gnu/sysroot/lib/../lib64/:/home/crk/linux/SDK/rk3568_linux_sdk/buildroot/output/rockchip_rk3568/host/aarch64-buildroot-linux-gnu/sysroot/usr/lib/../lib64/:/home/crk/linux/SDK/rk3568_linux_sdk/buildroot/output/rockchip_rk3568/host/lib/gcc/aarch64-buildroot-linux-gnu/10.3.0/../../../../aarch64-buildroot-linux-gnu/lib/:/home/crk/linux/SDK/rk3568_linux_sdk/buildroot/output/rockchip_rk3568/host/aarch64-buildroot-linux-gnu/sysroot/lib/:/home/crk/linux/SDK/rk3568_linux_sdk/buildroot/output/rockchip_rk3568/host/aarch64-buildroot-linux-gnu/sysroot/usr/lib/
COLLECT_GCC_OPTIONS='-v' '-o' 'CMakeFiles/cmTC_e8213.dir/CMakeCXXCompilerABI.cpp.o' '-c' '-shared-libgcc' '-mcpu=cortex-a55' '-mlittle-endian' '-mabi=lp64'
Linking CXX executable cmTC_e8213
/usr/bin/cmake -E cmake_link_script CMakeFiles/cmTC_e8213.dir/link.txt --verbose=1
/home/crk/linux/SDK/rk3568_linux_sdk/buildroot/output/rockchip_rk3568/host/bin/aarch64-buildroot-linux-gnu-g++      -v CMakeFiles/cmTC_e8213.dir/CMakeCXXCompilerABI.cpp.o  -o cmTC_e8213 
Using built-in specs.
COLLECT_GCC=/home/crk/linux/SDK/rk3568_linux_sdk/buildroot/output/rockchip_rk3568/host/bin/aarch64-buildroot-linux-gnu-g++.br_real
COLLECT_LTO_WRAPPER=/home/crk/linux/SDK/rk3568_linux_sdk/buildroot/output/rockchip_rk3568/host/libexec/gcc/aarch64-buildroot-linux-gnu/10.3.0/lto-wrapper
Target: aarch64-buildroot-linux-gnu
Configured with: ./configure --prefix=/home/crk/linux/SDK/rk3568_linux_sdk/buildroot/output/rockchip_rk3568/host --sysconfdir=/home/crk/linux/SDK/rk3568_linux_sdk/buildroot/output/rockchip_rk3568/host/etc --enable-static --target=aarch64-buildroot-linux-gnu --with-sysroot=/home/crk/linux/SDK/rk3568_linux_sdk/buildroot/output/rockchip_rk3568/host/aarch64-buildroot-linux-gnu/sysroot --enable-__cxa_atexit --with-gnu-ld --disable-libssp --disable-multilib --disable-decimal-float --with-gmp=/home/crk/linux/SDK/rk3568_linux_sdk/buildroot/output/rockchip_rk3568/host --with-mpc=/home/crk/linux/SDK/rk3568_linux_sdk/buildroot/output/rockchip_rk3568/host --with-mpfr=/home/crk/linux/SDK/rk3568_linux_sdk/buildroot/output/rockchip_rk3568/host --with-pkgversion='Buildroot 2018.02-rc3-gf4a9f6bd' --with-bugurl=http://bugs.buildroot.net/ --without-zstd --disable-libquadmath --disable-libquadmath-support --enable-tls --enable-threads --without-isl --without-cloog --with-abi=lp64 --with-cpu=cortex-a55 --enable-languages=c,c++ --with-build-time-tools=/home/crk/linux/SDK/rk3568_linux_sdk/buildroot/output/rockchip_rk3568/host/aarch64-buildroot-linux-gnu/bin --enable-shared --disable-libgomp
Thread model: posix
Supported LTO compression algorithms: zlib
gcc version 10.3.0 (Buildroot 2018.02-rc3-gf4a9f6bd) 
COMPILER_PATH=/home/crk/linux/SDK/rk3568_linux_sdk/buildroot/output/rockchip_rk3568/host/libexec/gcc/aarch64-buildroot-linux-gnu/10.3.0/:/home/crk/linux/SDK/rk3568_linux_sdk/buildroot/output/rockchip_rk3568/host/libexec/gcc/aarch64-buildroot-linux-gnu/10.3.0/:/home/crk/linux/SDK/rk3568_linux_sdk/buildroot/output/rockchip_rk3568/host/libexec/gcc/aarch64-buildroot-linux-gnu/:/home/crk/linux/SDK/rk3568_linux_sdk/buildroot/output/rockchip_rk3568/host/lib/gcc/aarch64-buildroot-linux-gnu/10.3.0/:/home/crk/linux/SDK/rk3568_linux_sdk/buildroot/output/rockchip_rk3568/host/lib/gcc/aarch64-buildroot-linux-gnu/:/home/crk/linux/SDK/rk3568_linux_sdk/buildroot/output/rockchip_rk3568/host/lib/gcc/aarch64-buildroot-linux-gnu/10.3.0/../../../../aarch64-buildroot-linux-gnu/bin/
LIBRARY_PATH=/home/crk/linux/SDK/rk3568_linux_sdk/buildroot/output/rockchip_rk3568/host/lib/gcc/aarch64-buildroot-linux-gnu/10.3.0/:/home/crk/linux/SDK/rk3568_linux_sdk/buildroot/output/rockchip_rk3568/host/lib/gcc/aarch64-buildroot-linux-gnu/10.3.0/../../../../aarch64-buildroot-linux-gnu/lib/../lib64/:/home/crk/linux/SDK/rk3568_linux_sdk/buildroot/output/rockchip_rk3568/host/aarch64-buildroot-linux-gnu/sysroot/lib/../lib64/:/home/crk/linux/SDK/rk3568_linux_sdk/buildroot/output/rockchip_rk3568/host/aarch64-buildroot-linux-gnu/sysroot/usr/lib/../lib64/:/home/crk/linux/SDK/rk3568_linux_sdk/buildroot/output/rockchip_rk3568/host/lib/gcc/aarch64-buildroot-linux-gnu/10.3.0/../../../../aarch64-buildroot-linux-gnu/lib/:/home/crk/linux/SDK/rk3568_linux_sdk/buildroot/output/rockchip_rk3568/host/aarch64-buildroot-linux-gnu/sysroot/lib/:/home/crk/linux/SDK/rk3568_linux_sdk/buildroot/output/rockchip_rk3568/host/aarch64-buildroot-linux-gnu/sysroot/usr/lib/
COLLECT_GCC_OPTIONS='-v' '-o' 'cmTC_e8213' '-shared-libgcc' '-mcpu=cortex-a55' '-mlittle-endian' '-mabi=lp64'
 /home/crk/linux/SDK/rk3568_linux_sdk/buildroot/output/rockchip_rk3568/host/libexec/gcc/aarch64-buildroot-linux-gnu/10.3.0/collect2 -plugin /home/crk/linux/SDK/rk3568_linux_sdk/buildroot/output/rockchip_rk3568/host/libexec/gcc/aarch64-buildroot-linux-gnu/10.3.0/liblto_plugin.so -plugin-opt=/home/crk/linux/SDK/rk3568_linux_sdk/buildroot/output/rockchip_rk3568/host/libexec/gcc/aarch64-buildroot-linux-gnu/10.3.0/lto-wrapper -plugin-opt=-fresolution=/tmp/cc4qw2b2.res -plugin-opt=-pass-through=-lgcc_s -plugin-opt=-pass-through=-lgcc -plugin-opt=-pass-through=-lc -plugin-opt=-pass-through=-lgcc_s -plugin-opt=-pass-through=-lgcc --sysroot=/home/crk/linux/SDK/rk3568_linux_sdk/buildroot/output/rockchip_rk3568/host/aarch64-buildroot-linux-gnu/sysroot --eh-frame-hdr -dynamic-linker /lib/ld-linux-aarch64.so.1 -X -EL -maarch64linux -o cmTC_e8213 /home/crk/linux/SDK/rk3568_linux_sdk/buildroot/output/rockchip_rk3568/host/aarch64-buildroot-linux-gnu/sysroot/usr/lib/../lib64/crt1.o /home/crk/linux/SDK/rk3568_linux_sdk/buildroot/output/rockchip_rk3568/host/aarch64-buildroot-linux-gnu/sysroot/usr/lib/../lib64/crti.o /home/crk/linux/SDK/rk3568_linux_sdk/buildroot/output/rockchip_rk3568/host/lib/gcc/aarch64-buildroot-linux-gnu/10.3.0/crtbegin.o -L/home/crk/linux/SDK/rk3568_linux_sdk/buildroot/output/rockchip_rk3568/host/lib/gcc/aarch64-buildroot-linux-gnu/10.3.0 -L/home/crk/linux/SDK/rk3568_linux_sdk/buildroot/output/rockchip_rk3568/host/lib/gcc/aarch64-buildroot-linux-gnu/10.3.0/../../../../aarch64-buildroot-linux-gnu/lib/../lib64 -L/home/crk/linux/SDK/rk3568_linux_sdk/buildroot/output/rockchip_rk3568/host/aarch64-buildroot-linux-gnu/sysroot/lib/../lib64 -L/home/crk/linux/SDK/rk3568_linux_sdk/buildroot/output/rockchip_rk3568/host/aarch64-buildroot-linux-gnu/sysroot/usr/lib/../lib64 -L/home/crk/linux/SDK/rk3568_linux_sdk/buildroot/output/rockchip_rk3568/host/lib/gcc/aarch64-buildroot-linux-gnu/10.3.0/../../../../aarch64-buildroot-linux-gnu/lib -L/home/crk/linux/SDK/rk3568_linux_sdk/buildroot/output/rockchip_rk3568/host/aarch64-buildroot-linux-gnu/sysroot/lib -L/home/crk/linux/SDK/rk3568_linux_sdk/buildroot/output/rockchip_rk3568/host/aarch64-buildroot-linux-gnu/sysroot/usr/lib CMakeFiles/cmTC_e8213.dir/CMakeCXXCompilerABI.cpp.o -lstdc++ -lm -lgcc_s -lgcc -lc -lgcc_s -lgcc /home/crk/linux/SDK/rk3568_linux_sdk/buildroot/output/rockchip_rk3568/host/lib/gcc/aarch64-buildroot-linux-gnu/10.3.0/crtend.o /home/crk/linux/SDK/rk3568_linux_sdk/buildroot/output/rockchip_rk3568/host/aarch64-buildroot-linux-gnu/sysroot/usr/lib/../lib64/crtn.o
COLLECT_GCC_OPTIONS='-v' '-o' 'cmTC_e8213' '-shared-libgcc' '-mcpu=cortex-a55' '-mlittle-endian' '-mabi=lp64'
make[1]: Leaving directory '/home/crk/linux/IMX335/camera_RTSP/build/CMakeFiles/CMakeTmp'



Parsed CXX implicit include dir info from above output: rv=done
  found start of include info
  found start of implicit include info
    add: [/home/crk/linux/SDK/rk3568_linux_sdk/buildroot/output/rockchip_rk3568/host/lib/gcc/aarch64-buildroot-linux-gnu/10.3.0/../../../../aarch64-buildroot-linux-gnu/include/c++/10.3.0]
    add: [/home/crk/linux/SDK/rk3568_linux_sdk/buildroot/output/rockchip_rk3568/host/lib/gcc/aarch64-buildroot-linux-gnu/10.3.0/../../../../aarch64-buildroot-linux-gnu/include/c++/10.3.0/aarch64-buildroot-linux-gnu]
    add: [/home/crk/linux/SDK/rk3568_linux_sdk/buildroot/output/rockchip_rk3568/host/lib/gcc/aarch64-buildroot-linux-gnu/10.3.0/../../../../aarch64-buildroot-linux-gnu/include/c++/10.3.0/backward]
    add: [/home/crk/linux/SDK/rk3568_linux_sdk/buildroot/output/rockchip_rk3568/host/lib/gcc/aarch64-buildroot-linux-gnu/10.3.0/include]
    add: [/home/crk/linux/SDK/rk3568_linux_sdk/buildroot/output/rockchip_rk3568/host/lib/gcc/aarch64-buildroot-linux-gnu/10.3.0/include-fixed]
    add: [/home/crk/linux/SDK/rk3568_linux_sdk/buildroot/output/rockchip_rk3568/host/lib/gcc/aarch64-buildroot-linux-gnu/10.3.0/../../../../aarch64-buildroot-linux-gnu/include]
    add: [/home/crk/linux/SDK/rk3568_linux_sdk/buildroot/output/rockchip_rk3568/host/aarch64-buildroot-linux-gnu/sysroot/usr/include]
  end of search list found
  collapse include dir [/home/crk/linux/SDK/rk3568_linux_sdk/buildroot/output/rockchip_rk3568/host/lib/gcc/aarch64-buildroot-linux-gnu/10.3.0/../../../../aarch64-buildroot-linux-gnu/include/c++/10.3.0] ==> [/home/crk/linux/SDK/rk3568_linux_sdk/buildroot/output/rockchip_rk3568/host/aarch64-buildroot-linux-gnu/include/c++/10.3.0]
  collapse include dir [/home/crk/linux/SDK/rk3568_linux_sdk/buildroot/output/rockchip_rk3568/host/lib/gcc/aarch64-buildroot-linux-gnu/10.3.0/../../../../aarch64-buildroot-linux-gnu/include/c++/10.3.0/aarch64-buildroot-linux-gnu] ==> [/home/crk/linux/SDK/rk3568_linux_sdk/buildroot/output/rockchip_rk3568/host/aarch64-buildroot-linux-gnu/include/c++/10.3.0/aarch64-buildroot-linux-gnu]
  collapse include dir [/home/crk/linux/SDK/rk3568_linux_sdk/buildroot/output/rockchip_rk3568/host/lib/gcc/aarch64-buildroot-linux-gnu/10.3.0/../../../../aarch64-buildroot-linux-gnu/include/c++/10.3.0/backward] ==> [/home/crk/linux/SDK/rk3568_linux_sdk/buildroot/output/rockchip_rk3568/host/aarch64-buildroot-linux-gnu/include/c++/10.3.0/backward]
  collapse include dir [/home/crk/linux/SDK/rk3568_linux_sdk/buildroot/output/rockchip_rk3568/host/lib/gcc/aarch64-buildroot-linux-gnu/10.3.0/include] ==> [/home/crk/linux/SDK/rk3568_linux_sdk/buildroot/output/rockchip_rk3568/host/lib/gcc/aarch64-buildroot-linux-gnu/10.3.0/include]
  collapse include dir [/home/crk/linux/SDK/rk3568_linux_sdk/buildroot/output/rockchip_rk3568/host/lib/gcc/aarch64-buildroot-linux-gnu/10.3.0/include-fixed] ==> [/home/crk/linux/SDK/rk3568_linux_sdk/buildroot/output/rockchip_rk3568/host/lib/gcc/aarch64-buildroot-linux-gnu/10.3.0/include-fixed]
  collapse include dir [/home/crk/linux/SDK/rk3568_linux_sdk/buildroot/output/rockchip_rk3568/host/lib/gcc/aarch64-buildroot-linux-gnu/10.3.0/../../../../aarch64-buildroot-linux-gnu/include] ==> [/home/crk/linux/SDK/rk3568_linux_sdk/buildroot/output/rockchip_rk3568/host/aarch64-buildroot-linux-gnu/include]
  collapse include dir [/home/crk/linux/SDK/rk3568_linux_sdk/buildroot/output/rockchip_rk3568/host/aarch64-buildroot-linux-gnu/sysroot/usr/include] ==> [/home/crk/linux/SDK/rk3568_linux_sdk/buildroot/output/rockchip_rk3568/host/aarch64-buildroot-linux-gnu/sysroot/usr/include]
  implicit include dirs: [/home/crk/linux/SDK/rk3568_linux_sdk/buildroot/output/rockchip_rk3568/host/aarch64-buildroot-linux-gnu/include/c++/10.3.0;/home/crk/linux/SDK/rk3568_linux_sdk/buildroot/output/rockchip_rk3568/host/aarch64-buildroot-linux-gnu/include/c++/10.3.0/aarch64-buildroot-linux-gnu;/home/crk/linux/SDK/rk3568_linux_sdk/buildroot/output/rockchip_rk3568/host/aarch64-buildroot-linux-gnu/include/c++/10.3.0/backward;/home/crk/linux/SDK/rk3568_linux_sdk/buildroot/output/rockchip_rk3568/host/lib/gcc/aarch64-buildroot-linux-gnu/10.3.0/include;/home/crk/linux/SDK/rk3568_linux_sdk/buildroot/output/rockchip_rk3568/host/lib/gcc/aarch64-buildroot-linux-gnu/10.3.0/include-fixed;/home/crk/linux/SDK/rk3568_linux_sdk/buildroot/output/rockchip_rk3568/host/aarch64-buildroot-linux-gnu/include;/home/crk/linux/SDK/rk3568_linux_sdk/buildroot/output/rockchip_rk3568/host/aarch64-buildroot-linux-gnu/sysroot/usr/include]


Parsed CXX implicit link information from above output:
  link line regex: [^( *|.*[/\])(ld|CMAKE_LINK_STARTFILE-NOTFOUND|([^/\]+-)?ld|collect2)[^/\]*( |$)]
  ignore line: [Change Dir: /home/crk/linux/IMX335/camera_RTSP/build/CMakeFiles/CMakeTmp]
  ignore line: []
  ignore line: [Run Build Command(s):/usr/bin/make cmTC_e8213/fast && /usr/bin/make -f CMakeFiles/cmTC_e8213.dir/build.make CMakeFiles/cmTC_e8213.dir/build]
  ignore line: [make[1]: Entering directory '/home/crk/linux/IMX335/camera_RTSP/build/CMakeFiles/CMakeTmp']
  ignore line: [Building CXX object CMakeFiles/cmTC_e8213.dir/CMakeCXXCompilerABI.cpp.o]
  ignore line: [/home/crk/linux/SDK/rk3568_linux_sdk/buildroot/output/rockchip_rk3568/host/bin/aarch64-buildroot-linux-gnu-g++    -v -o CMakeFiles/cmTC_e8213.dir/CMakeCXXCompilerABI.cpp.o -c /usr/share/cmake-3.16/Modules/CMakeCXXCompilerABI.cpp]
  ignore line: [Using built-in specs.]
  ignore line: [COLLECT_GCC=/home/crk/linux/SDK/rk3568_linux_sdk/buildroot/output/rockchip_rk3568/host/bin/aarch64-buildroot-linux-gnu-g++.br_real]
  ignore line: [Target: aarch64-buildroot-linux-gnu]
  ignore line: [Configured with: ./configure --prefix=/home/crk/linux/SDK/rk3568_linux_sdk/buildroot/output/rockchip_rk3568/host --sysconfdir=/home/crk/linux/SDK/rk3568_linux_sdk/buildroot/output/rockchip_rk3568/host/etc --enable-static --target=aarch64-buildroot-linux-gnu --with-sysroot=/home/crk/linux/SDK/rk3568_linux_sdk/buildroot/output/rockchip_rk3568/host/aarch64-buildroot-linux-gnu/sysroot --enable-__cxa_atexit --with-gnu-ld --disable-libssp --disable-multilib --disable-decimal-float --with-gmp=/home/crk/linux/SDK/rk3568_linux_sdk/buildroot/output/rockchip_rk3568/host --with-mpc=/home/crk/linux/SDK/rk3568_linux_sdk/buildroot/output/rockchip_rk3568/host --with-mpfr=/home/crk/linux/SDK/rk3568_linux_sdk/buildroot/output/rockchip_rk3568/host --with-pkgversion='Buildroot 2018.02-rc3-gf4a9f6bd' --with-bugurl=http://bugs.buildroot.net/ --without-zstd --disable-libquadmath --disable-libquadmath-support --enable-tls --enable-threads --without-isl --without-cloog --with-abi=lp64 --with-cpu=cortex-a55 --enable-languages=c,c++ --with-build-time-tools=/home/crk/linux/SDK/rk3568_linux_sdk/buildroot/output/rockchip_rk3568/host/aarch64-buildroot-linux-gnu/bin --enable-shared --disable-libgomp]
  ignore line: [Thread model: posix]
  ignore line: [Supported LTO compression algorithms: zlib]
  ignore line: [gcc version 10.3.0 (Buildroot 2018.02-rc3-gf4a9f6bd) ]
  ignore line: [COLLECT_GCC_OPTIONS='-v' '-o' 'CMakeFiles/cmTC_e8213.dir/CMakeCXXCompilerABI.cpp.o' '-c' '-shared-libgcc' '-mcpu=cortex-a55' '-mlittle-endian' '-mabi=lp64']
  ignore line: [ /home/crk/linux/SDK/rk3568_linux_sdk/buildroot/output/rockchip_rk3568/host/libexec/gcc/aarch64-buildroot-linux-gnu/10.3.0/cc1plus -quiet -v -isysroot /home/crk/linux/SDK/rk3568_linux_sdk/buildroot/output/rockchip_rk3568/host/aarch64-buildroot-linux-gnu/sysroot -D_GNU_SOURCE /usr/share/cmake-3.16/Modules/CMakeCXXCompilerABI.cpp -quiet -dumpbase CMakeCXXCompilerABI.cpp -mcpu=cortex-a55 -mlittle-endian -mabi=lp64 -auxbase-strip CMakeFiles/cmTC_e8213.dir/CMakeCXXCompilerABI.cpp.o -version -o /tmp/cc14UBSz.s]
  ignore line: [GNU C++14 (Buildroot 2018.02-rc3-gf4a9f6bd) version 10.3.0 (aarch64-buildroot-linux-gnu)]
  ignore line: [	compiled by GNU C version 9.4.0  GMP version 6.1.2  MPFR version 3.1.6  MPC version 1.0.3  isl version none]
  ignore line: [GGC heuristics: --param ggc-min-expand=100 --param ggc-min-heapsize=131072]
  ignore line: [ignoring nonexistent directory "/home/crk/linux/SDK/rk3568_linux_sdk/buildroot/output/rockchip_rk3568/host/aarch64-buildroot-linux-gnu/sysroot/usr/local/include"]
  ignore line: [#include "..." search starts here:]
  ignore line: [#include <...> search starts here:]
  ignore line: [ /home/crk/linux/SDK/rk3568_linux_sdk/buildroot/output/rockchip_rk3568/host/lib/gcc/aarch64-buildroot-linux-gnu/10.3.0/../../../../aarch64-buildroot-linux-gnu/include/c++/10.3.0]
  ignore line: [ /home/crk/linux/SDK/rk3568_linux_sdk/buildroot/output/rockchip_rk3568/host/lib/gcc/aarch64-buildroot-linux-gnu/10.3.0/../../../../aarch64-buildroot-linux-gnu/include/c++/10.3.0/aarch64-buildroot-linux-gnu]
  ignore line: [ /home/crk/linux/SDK/rk3568_linux_sdk/buildroot/output/rockchip_rk3568/host/lib/gcc/aarch64-buildroot-linux-gnu/10.3.0/../../../../aarch64-buildroot-linux-gnu/include/c++/10.3.0/backward]
  ignore line: [ /home/crk/linux/SDK/rk3568_linux_sdk/buildroot/output/rockchip_rk3568/host/lib/gcc/aarch64-buildroot-linux-gnu/10.3.0/include]
  ignore line: [ /home/crk/linux/SDK/rk3568_linux_sdk/buildroot/output/rockchip_rk3568/host/lib/gcc/aarch64-buildroot-linux-gnu/10.3.0/include-fixed]
  ignore line: [ /home/crk/linux/SDK/rk3568_linux_sdk/buildroot/output/rockchip_rk3568/host/lib/gcc/aarch64-buildroot-linux-gnu/10.3.0/../../../../aarch64-buildroot-linux-gnu/include]
  ignore line: [ /home/crk/linux/SDK/rk3568_linux_sdk/buildroot/output/rockchip_rk3568/host/aarch64-buildroot-linux-gnu/sysroot/usr/include]
  ignore line: [End of search list.]
  ignore line: [GNU C++14 (Buildroot 2018.02-rc3-gf4a9f6bd) version 10.3.0 (aarch64-buildroot-linux-gnu)]
  ignore line: [	compiled by GNU C version 9.4.0  GMP version 6.1.2  MPFR version 3.1.6  MPC version 1.0.3  isl version none]
  ignore line: [GGC heuristics: --param ggc-min-expand=100 --param ggc-min-heapsize=131072]
  ignore line: [Compiler executable checksum: 9046e2e1d61c3cd2662b71585f2e1455]
  ignore line: [COLLECT_GCC_OPTIONS='-v' '-o' 'CMakeFiles/cmTC_e8213.dir/CMakeCXXCompilerABI.cpp.o' '-c' '-shared-libgcc' '-mcpu=cortex-a55' '-mlittle-endian' '-mabi=lp64']
  ignore line: [ /home/crk/linux/SDK/rk3568_linux_sdk/buildroot/output/rockchip_rk3568/host/lib/gcc/aarch64-buildroot-linux-gnu/10.3.0/../../../../aarch64-buildroot-linux-gnu/bin/as -v -EL -march=armv8.2-a+fp16+rcpc+dotprod -mabi=lp64 -o CMakeFiles/cmTC_e8213.dir/CMakeCXXCompilerABI.cpp.o /tmp/cc14UBSz.s]
  ignore line: [GNU assembler version 2.36.1 (aarch64-buildroot-linux-gnu) using BFD version (GNU Binutils) 2.36.1]
  ignore line: [COMPILER_PATH=/home/crk/linux/SDK/rk3568_linux_sdk/buildroot/output/rockchip_rk3568/host/libexec/gcc/aarch64-buildroot-linux-gnu/10.3.0/:/home/crk/linux/SDK/rk3568_linux_sdk/buildroot/output/rockchip_rk3568/host/libexec/gcc/aarch64-buildroot-linux-gnu/10.3.0/:/home/crk/linux/SDK/rk3568_linux_sdk/buildroot/output/rockchip_rk3568/host/libexec/gcc/aarch64-buildroot-linux-gnu/:/home/crk/linux/SDK/rk3568_linux_sdk/buildroot/output/rockchip_rk3568/host/lib/gcc/aarch64-buildroot-linux-gnu/10.3.0/:/home/crk/linux/SDK/rk3568_linux_sdk/buildroot/output/rockchip_rk3568/host/lib/gcc/aarch64-buildroot-linux-gnu/:/home/crk/linux/SDK/rk3568_linux_sdk/buildroot/output/rockchip_rk3568/host/lib/gcc/aarch64-buildroot-linux-gnu/10.3.0/../../../../aarch64-buildroot-linux-gnu/bin/]
  ignore line: [LIBRARY_PATH=/home/crk/linux/SDK/rk3568_linux_sdk/buildroot/output/rockchip_rk3568/host/lib/gcc/aarch64-buildroot-linux-gnu/10.3.0/:/home/crk/linux/SDK/rk3568_linux_sdk/buildroot/output/rockchip_rk3568/host/lib/gcc/aarch64-buildroot-linux-gnu/10.3.0/../../../../aarch64-buildroot-linux-gnu/lib/../lib64/:/home/crk/linux/SDK/rk3568_linux_sdk/buildroot/output/rockchip_rk3568/host/aarch64-buildroot-linux-gnu/sysroot/lib/../lib64/:/home/crk/linux/SDK/rk3568_linux_sdk/buildroot/output/rockchip_rk3568/host/aarch64-buildroot-linux-gnu/sysroot/usr/lib/../lib64/:/home/crk/linux/SDK/rk3568_linux_sdk/buildroot/output/rockchip_rk3568/host/lib/gcc/aarch64-buildroot-linux-gnu/10.3.0/../../../../aarch64-buildroot-linux-gnu/lib/:/home/crk/linux/SDK/rk3568_linux_sdk/buildroot/output/rockchip_rk3568/host/aarch64-buildroot-linux-gnu/sysroot/lib/:/home/crk/linux/SDK/rk3568_linux_sdk/buildroot/output/rockchip_rk3568/host/aarch64-buildroot-linux-gnu/sysroot/usr/lib/]
  ignore line: [COLLECT_GCC_OPTIONS='-v' '-o' 'CMakeFiles/cmTC_e8213.dir/CMakeCXXCompilerABI.cpp.o' '-c' '-shared-libgcc' '-mcpu=cortex-a55' '-mlittle-endian' '-mabi=lp64']
  ignore line: [Linking CXX executable cmTC_e8213]
  ignore line: [/usr/bin/cmake -E cmake_link_script CMakeFiles/cmTC_e8213.dir/link.txt --verbose=1]
  ignore line: [/home/crk/linux/SDK/rk3568_linux_sdk/buildroot/output/rockchip_rk3568/host/bin/aarch64-buildroot-linux-gnu-g++      -v CMakeFiles/cmTC_e8213.dir/CMakeCXXCompilerABI.cpp.o  -o cmTC_e8213 ]
  ignore line: [Using built-in specs.]
  ignore line: [COLLECT_GCC=/home/crk/linux/SDK/rk3568_linux_sdk/buildroot/output/rockchip_rk3568/host/bin/aarch64-buildroot-linux-gnu-g++.br_real]
  ignore line: [COLLECT_LTO_WRAPPER=/home/crk/linux/SDK/rk3568_linux_sdk/buildroot/output/rockchip_rk3568/host/libexec/gcc/aarch64-buildroot-linux-gnu/10.3.0/lto-wrapper]
  ignore line: [Target: aarch64-buildroot-linux-gnu]
  ignore line: [Configured with: ./configure --prefix=/home/crk/linux/SDK/rk3568_linux_sdk/buildroot/output/rockchip_rk3568/host --sysconfdir=/home/crk/linux/SDK/rk3568_linux_sdk/buildroot/output/rockchip_rk3568/host/etc --enable-static --target=aarch64-buildroot-linux-gnu --with-sysroot=/home/crk/linux/SDK/rk3568_linux_sdk/buildroot/output/rockchip_rk3568/host/aarch64-buildroot-linux-gnu/sysroot --enable-__cxa_atexit --with-gnu-ld --disable-libssp --disable-multilib --disable-decimal-float --with-gmp=/home/crk/linux/SDK/rk3568_linux_sdk/buildroot/output/rockchip_rk3568/host --with-mpc=/home/crk/linux/SDK/rk3568_linux_sdk/buildroot/output/rockchip_rk3568/host --with-mpfr=/home/crk/linux/SDK/rk3568_linux_sdk/buildroot/output/rockchip_rk3568/host --with-pkgversion='Buildroot 2018.02-rc3-gf4a9f6bd' --with-bugurl=http://bugs.buildroot.net/ --without-zstd --disable-libquadmath --disable-libquadmath-support --enable-tls --enable-threads --without-isl --without-cloog --with-abi=lp64 --with-cpu=cortex-a55 --enable-languages=c,c++ --with-build-time-tools=/home/crk/linux/SDK/rk3568_linux_sdk/buildroot/output/rockchip_rk3568/host/aarch64-buildroot-linux-gnu/bin --enable-shared --disable-libgomp]
  ignore line: [Thread model: posix]
  ignore line: [Supported LTO compression algorithms: zlib]
  ignore line: [gcc version 10.3.0 (Buildroot 2018.02-rc3-gf4a9f6bd) ]
  ignore line: [COMPILER_PATH=/home/crk/linux/SDK/rk3568_linux_sdk/buildroot/output/rockchip_rk3568/host/libexec/gcc/aarch64-buildroot-linux-gnu/10.3.0/:/home/crk/linux/SDK/rk3568_linux_sdk/buildroot/output/rockchip_rk3568/host/libexec/gcc/aarch64-buildroot-linux-gnu/10.3.0/:/home/crk/linux/SDK/rk3568_linux_sdk/buildroot/output/rockchip_rk3568/host/libexec/gcc/aarch64-buildroot-linux-gnu/:/home/crk/linux/SDK/rk3568_linux_sdk/buildroot/output/rockchip_rk3568/host/lib/gcc/aarch64-buildroot-linux-gnu/10.3.0/:/home/crk/linux/SDK/rk3568_linux_sdk/buildroot/output/rockchip_rk3568/host/lib/gcc/aarch64-buildroot-linux-gnu/:/home/crk/linux/SDK/rk3568_linux_sdk/buildroot/output/rockchip_rk3568/host/lib/gcc/aarch64-buildroot-linux-gnu/10.3.0/../../../../aarch64-buildroot-linux-gnu/bin/]
  ignore line: [LIBRARY_PATH=/home/crk/linux/SDK/rk3568_linux_sdk/buildroot/output/rockchip_rk3568/host/lib/gcc/aarch64-buildroot-linux-gnu/10.3.0/:/home/crk/linux/SDK/rk3568_linux_sdk/buildroot/output/rockchip_rk3568/host/lib/gcc/aarch64-buildroot-linux-gnu/10.3.0/../../../../aarch64-buildroot-linux-gnu/lib/../lib64/:/home/crk/linux/SDK/rk3568_linux_sdk/buildroot/output/rockchip_rk3568/host/aarch64-buildroot-linux-gnu/sysroot/lib/../lib64/:/home/crk/linux/SDK/rk3568_linux_sdk/buildroot/output/rockchip_rk3568/host/aarch64-buildroot-linux-gnu/sysroot/usr/lib/../lib64/:/home/crk/linux/SDK/rk3568_linux_sdk/buildroot/output/rockchip_rk3568/host/lib/gcc/aarch64-buildroot-linux-gnu/10.3.0/../../../../aarch64-buildroot-linux-gnu/lib/:/home/crk/linux/SDK/rk3568_linux_sdk/buildroot/output/rockchip_rk3568/host/aarch64-buildroot-linux-gnu/sysroot/lib/:/home/crk/linux/SDK/rk3568_linux_sdk/buildroot/output/rockchip_rk3568/host/aarch64-buildroot-linux-gnu/sysroot/usr/lib/]
  ignore line: [COLLECT_GCC_OPTIONS='-v' '-o' 'cmTC_e8213' '-shared-libgcc' '-mcpu=cortex-a55' '-mlittle-endian' '-mabi=lp64']
  link line: [ /home/crk/linux/SDK/rk3568_linux_sdk/buildroot/output/rockchip_rk3568/host/libexec/gcc/aarch64-buildroot-linux-gnu/10.3.0/collect2 -plugin /home/crk/linux/SDK/rk3568_linux_sdk/buildroot/output/rockchip_rk3568/host/libexec/gcc/aarch64-buildroot-linux-gnu/10.3.0/liblto_plugin.so -plugin-opt=/home/crk/linux/SDK/rk3568_linux_sdk/buildroot/output/rockchip_rk3568/host/libexec/gcc/aarch64-buildroot-linux-gnu/10.3.0/lto-wrapper -plugin-opt=-fresolution=/tmp/cc4qw2b2.res -plugin-opt=-pass-through=-lgcc_s -plugin-opt=-pass-through=-lgcc -plugin-opt=-pass-through=-lc -plugin-opt=-pass-through=-lgcc_s -plugin-opt=-pass-through=-lgcc --sysroot=/home/crk/linux/SDK/rk3568_linux_sdk/buildroot/output/rockchip_rk3568/host/aarch64-buildroot-linux-gnu/sysroot --eh-frame-hdr -dynamic-linker /lib/ld-linux-aarch64.so.1 -X -EL -maarch64linux -o cmTC_e8213 /home/crk/linux/SDK/rk3568_linux_sdk/buildroot/output/rockchip_rk3568/host/aarch64-buildroot-linux-gnu/sysroot/usr/lib/../lib64/crt1.o /home/crk/linux/SDK/rk3568_linux_sdk/buildroot/output/rockchip_rk3568/host/aarch64-buildroot-linux-gnu/sysroot/usr/lib/../lib64/crti.o /home/crk/linux/SDK/rk3568_linux_sdk/buildroot/output/rockchip_rk3568/host/lib/gcc/aarch64-buildroot-linux-gnu/10.3.0/crtbegin.o -L/home/crk/linux/SDK/rk3568_linux_sdk/buildroot/output/rockchip_rk3568/host/lib/gcc/aarch64-buildroot-linux-gnu/10.3.0 -L/home/crk/linux/SDK/rk3568_linux_sdk/buildroot/output/rockchip_rk3568/host/lib/gcc/aarch64-buildroot-linux-gnu/10.3.0/../../../../aarch64-buildroot-linux-gnu/lib/../lib64 -L/home/crk/linux/SDK/rk3568_linux_sdk/buildroot/output/rockchip_rk3568/host/aarch64-buildroot-linux-gnu/sysroot/lib/../lib64 -L/home/crk/linux/SDK/rk3568_linux_sdk/buildroot/output/rockchip_rk3568/host/aarch64-buildroot-linux-gnu/sysroot/usr/lib/../lib64 -L/home/crk/linux/SDK/rk3568_linux_sdk/buildroot/output/rockchip_rk3568/host/lib/gcc/aarch64-buildroot-linux-gnu/10.3.0/../../../../aarch64-buildroot-linux-gnu/lib -L/home/crk/linux/SDK/rk3568_linux_sdk/buildroot/output/rockchip_rk3568/host/aarch64-buildroot-linux-gnu/sysroot/lib -L/home/crk/linux/SDK/rk3568_linux_sdk/buildroot/output/rockchip_rk3568/host/aarch64-buildroot-linux-gnu/sysroot/usr/lib CMakeFiles/cmTC_e8213.dir/CMakeCXXCompilerABI.cpp.o -lstdc++ -lm -lgcc_s -lgcc -lc -lgcc_s -lgcc /home/crk/linux/SDK/rk3568_linux_sdk/buildroot/output/rockchip_rk3568/host/lib/gcc/aarch64-buildroot-linux-gnu/10.3.0/crtend.o /home/crk/linux/SDK/rk3568_linux_sdk/buildroot/output/rockchip_rk3568/host/aarch64-buildroot-linux-gnu/sysroot/usr/lib/../lib64/crtn.o]
    arg [/home/crk/linux/SDK/rk3568_linux_sdk/buildroot/output/rockchip_rk3568/host/libexec/gcc/aarch64-buildroot-linux-gnu/10.3.0/collect2] ==> ignore
    arg [-plugin] ==> ignore
    arg [/home/crk/linux/SDK/rk3568_linux_sdk/buildroot/output/rockchip_rk3568/host/libexec/gcc/aarch64-buildroot-linux-gnu/10.3.0/liblto_plugin.so] ==> ignore
    arg [-plugin-opt=/home/crk/linux/SDK/rk3568_linux_sdk/buildroot/output/rockchip_rk3568/host/libexec/gcc/aarch64-buildroot-linux-gnu/10.3.0/lto-wrapper] ==> ignore
    arg [-plugin-opt=-fresolution=/tmp/cc4qw2b2.res] ==> ignore
    arg [-plugin-opt=-pass-through=-lgcc_s] ==> ignore
    arg [-plugin-opt=-pass-through=-lgcc] ==> ignore
    arg [-plugin-opt=-pass-through=-lc] ==> ignore
    arg [-plugin-opt=-pass-through=-lgcc_s] ==> ignore
    arg [-plugin-opt=-pass-through=-lgcc] ==> ignore
    arg [--sysroot=/home/crk/linux/SDK/rk3568_linux_sdk/buildroot/output/rockchip_rk3568/host/aarch64-buildroot-linux-gnu/sysroot] ==> ignore
    arg [--eh-frame-hdr] ==> ignore
    arg [-dynamic-linker] ==> ignore
    arg [/lib/ld-linux-aarch64.so.1] ==> ignore
    arg [-X] ==> ignore
    arg [-EL] ==> ignore
    arg [-maarch64linux] ==> ignore
    arg [-o] ==> ignore
    arg [cmTC_e8213] ==> ignore
    arg [/home/crk/linux/SDK/rk3568_linux_sdk/buildroot/output/rockchip_rk3568/host/aarch64-buildroot-linux-gnu/sysroot/usr/lib/../lib64/crt1.o] ==> ignore
    arg [/home/crk/linux/SDK/rk3568_linux_sdk/buildroot/output/rockchip_rk3568/host/aarch64-buildroot-linux-gnu/sysroot/usr/lib/../lib64/crti.o] ==> ignore
    arg [/home/crk/linux/SDK/rk3568_linux_sdk/buildroot/output/rockchip_rk3568/host/lib/gcc/aarch64-buildroot-linux-gnu/10.3.0/crtbegin.o] ==> ignore
    arg [-L/home/crk/linux/SDK/rk3568_linux_sdk/buildroot/output/rockchip_rk3568/host/lib/gcc/aarch64-buildroot-linux-gnu/10.3.0] ==> dir [/home/crk/linux/SDK/rk3568_linux_sdk/buildroot/output/rockchip_rk3568/host/lib/gcc/aarch64-buildroot-linux-gnu/10.3.0]
    arg [-L/home/crk/linux/SDK/rk3568_linux_sdk/buildroot/output/rockchip_rk3568/host/lib/gcc/aarch64-buildroot-linux-gnu/10.3.0/../../../../aarch64-buildroot-linux-gnu/lib/../lib64] ==> dir [/home/crk/linux/SDK/rk3568_linux_sdk/buildroot/output/rockchip_rk3568/host/lib/gcc/aarch64-buildroot-linux-gnu/10.3.0/../../../../aarch64-buildroot-linux-gnu/lib/../lib64]
    arg [-L/home/crk/linux/SDK/rk3568_linux_sdk/buildroot/output/rockchip_rk3568/host/aarch64-buildroot-linux-gnu/sysroot/lib/../lib64] ==> dir [/home/crk/linux/SDK/rk3568_linux_sdk/buildroot/output/rockchip_rk3568/host/aarch64-buildroot-linux-gnu/sysroot/lib/../lib64]
    arg [-L/home/crk/linux/SDK/rk3568_linux_sdk/buildroot/output/rockchip_rk3568/host/aarch64-buildroot-linux-gnu/sysroot/usr/lib/../lib64] ==> dir [/home/crk/linux/SDK/rk3568_linux_sdk/buildroot/output/rockchip_rk3568/host/aarch64-buildroot-linux-gnu/sysroot/usr/lib/../lib64]
    arg [-L/home/crk/linux/SDK/rk3568_linux_sdk/buildroot/output/rockchip_rk3568/host/lib/gcc/aarch64-buildroot-linux-gnu/10.3.0/../../../../aarch64-buildroot-linux-gnu/lib] ==> dir [/home/crk/linux/SDK/rk3568_linux_sdk/buildroot/output/rockchip_rk3568/host/lib/gcc/aarch64-buildroot-linux-gnu/10.3.0/../../../../aarch64-buildroot-linux-gnu/lib]
    arg [-L/home/crk/linux/SDK/rk3568_linux_sdk/buildroot/output/rockchip_rk3568/host/aarch64-buildroot-linux-gnu/sysroot/lib] ==> dir [/home/crk/linux/SDK/rk3568_linux_sdk/buildroot/output/rockchip_rk3568/host/aarch64-buildroot-linux-gnu/sysroot/lib]
    arg [-L/home/crk/linux/SDK/rk3568_linux_sdk/buildroot/output/rockchip_rk3568/host/aarch64-buildroot-linux-gnu/sysroot/usr/lib] ==> dir [/home/crk/linux/SDK/rk3568_linux_sdk/buildroot/output/rockchip_rk3568/host/aarch64-buildroot-linux-gnu/sysroot/usr/lib]
    arg [CMakeFiles/cmTC_e8213.dir/CMakeCXXCompilerABI.cpp.o] ==> ignore
    arg [-lstdc++] ==> lib [stdc++]
    arg [-lm] ==> lib [m]
    arg [-lgcc_s] ==> lib [gcc_s]
    arg [-lgcc] ==> lib [gcc]
    arg [-lc] ==> lib [c]
    arg [-lgcc_s] ==> lib [gcc_s]
    arg [-lgcc] ==> lib [gcc]
    arg [/home/crk/linux/SDK/rk3568_linux_sdk/buildroot/output/rockchip_rk3568/host/lib/gcc/aarch64-buildroot-linux-gnu/10.3.0/crtend.o] ==> ignore
    arg [/home/crk/linux/SDK/rk3568_linux_sdk/buildroot/output/rockchip_rk3568/host/aarch64-buildroot-linux-gnu/sysroot/usr/lib/../lib64/crtn.o] ==> ignore
  collapse library dir [/home/crk/linux/SDK/rk3568_linux_sdk/buildroot/output/rockchip_rk3568/host/lib/gcc/aarch64-buildroot-linux-gnu/10.3.0] ==> [/home/crk/linux/SDK/rk3568_linux_sdk/buildroot/output/rockchip_rk3568/host/lib/gcc/aarch64-buildroot-linux-gnu/10.3.0]
  collapse library dir [/home/crk/linux/SDK/rk3568_linux_sdk/buildroot/output/rockchip_rk3568/host/lib/gcc/aarch64-buildroot-linux-gnu/10.3.0/../../../../aarch64-buildroot-linux-gnu/lib/../lib64] ==> [/home/crk/linux/SDK/rk3568_linux_sdk/buildroot/output/rockchip_rk3568/host/aarch64-buildroot-linux-gnu/lib64]
  collapse library dir [/home/crk/linux/SDK/rk3568_linux_sdk/buildroot/output/rockchip_rk3568/host/aarch64-buildroot-linux-gnu/sysroot/lib/../lib64] ==> [/home/crk/linux/SDK/rk3568_linux_sdk/buildroot/output/rockchip_rk3568/host/aarch64-buildroot-linux-gnu/sysroot/lib64]
  collapse library dir [/home/crk/linux/SDK/rk3568_linux_sdk/buildroot/output/rockchip_rk3568/host/aarch64-buildroot-linux-gnu/sysroot/usr/lib/../lib64] ==> [/home/crk/linux/SDK/rk3568_linux_sdk/buildroot/output/rockchip_rk3568/host/aarch64-buildroot-linux-gnu/sysroot/usr/lib64]
  collapse library dir [/home/crk/linux/SDK/rk3568_linux_sdk/buildroot/output/rockchip_rk3568/host/lib/gcc/aarch64-buildroot-linux-gnu/10.3.0/../../../../aarch64-buildroot-linux-gnu/lib] ==> [/home/crk/linux/SDK/rk3568_linux_sdk/buildroot/output/rockchip_rk3568/host/aarch64-buildroot-linux-gnu/lib]
  collapse library dir [/home/crk/linux/SDK/rk3568_linux_sdk/buildroot/output/rockchip_rk3568/host/aarch64-buildroot-linux-gnu/sysroot/lib] ==> [/home/crk/linux/SDK/rk3568_linux_sdk/buildroot/output/rockchip_rk3568/host/aarch64-buildroot-linux-gnu/sysroot/lib]
  collapse library dir [/home/crk/linux/SDK/rk3568_linux_sdk/buildroot/output/rockchip_rk3568/host/aarch64-buildroot-linux-gnu/sysroot/usr/lib] ==> [/home/crk/linux/SDK/rk3568_linux_sdk/buildroot/output/rockchip_rk3568/host/aarch64-buildroot-linux-gnu/sysroot/usr/lib]
  implicit libs: [stdc++;m;gcc_s;gcc;c;gcc_s;gcc]
  implicit dirs: [/home/crk/linux/SDK/rk3568_linux_sdk/buildroot/output/rockchip_rk3568/host/lib/gcc/aarch64-buildroot-linux-gnu/10.3.0;/home/crk/linux/SDK/rk3568_linux_sdk/buildroot/output/rockchip_rk3568/host/aarch64-buildroot-linux-gnu/lib64;/home/crk/linux/SDK/rk3568_linux_sdk/buildroot/output/rockchip_rk3568/host/aarch64-buildroot-linux-gnu/sysroot/lib64;/home/crk/linux/SDK/rk3568_linux_sdk/buildroot/output/rockchip_rk3568/host/aarch64-buildroot-linux-gnu/sysroot/usr/lib64;/home/crk/linux/SDK/rk3568_linux_sdk/buildroot/output/rockchip_rk3568/host/aarch64-buildroot-linux-gnu/lib;/home/crk/linux/SDK/rk3568_linux_sdk/buildroot/output/rockchip_rk3568/host/aarch64-buildroot-linux-gnu/sysroot/lib;/home/crk/linux/SDK/rk3568_linux_sdk/buildroot/output/rockchip_rk3568/host/aarch64-buildroot-linux-gnu/sysroot/usr/lib]
  implicit fwks: []


